[2025-11-29 16:21:17] Authenticating user with email: admin@example.com
[2025-11-29 16:21:17] Result: failure
[2025-11-29 16:22:38] Authenticating user with email: admin@example.com
[2025-11-29 16:22:38] Authenticating user with email: admin@example.com
[2025-11-29 16:22:38] Result: failure
[2025-11-29 16:23:06] Found user with email: admin@example.com
[2025-11-29 16:23:06] Authenticating user with email: admin@example.com
[2025-11-29 16:23:07] Authenticating user with email: admin@example.com
[2025-11-29 16:23:07] Result: failure
[2025-11-29 16:23:37] Found user with email: admin@example.com
[2025-11-29 16:23:37] AUTH SERVICE: Authenticating user with email: admin@example.com
[2025-11-29 16:23:38] Authenticating user with email: admin@example.com
[2025-11-29 16:23:38] Result: failure
[2025-11-29 16:24:22] Found user with email: admin@example.com
[2025-11-29 16:24:22] AUTH SERVICE: Authenticating user with email: admin@example.com
[2025-11-29 16:24:22] AUTH SERVICE: Result: failure (password mismatch)
[2025-11-29 16:24:22] Authenticating user with email: admin@example.com
[2025-11-29 16:24:22] Result: failure
[2025-11-29 16:25:24] Found user with email: admin@example.com
[2025-11-29 16:25:24] AUTH SERVICE: Authenticating user with email: admin@example.com
[2025-11-29 16:25:24] AUTH SERVICE: Result: failure (password mismatch)
[2025-11-29 16:25:24] Authenticating user with email: admin@example.com
[2025-11-29 16:25:24] Result: failure
[2025-11-29 16:27:27] Found user with email: admin@example.com
[2025-11-29 16:27:27] AUTH SERVICE: Authenticating user with email: admin@example.com
[2025-11-29 16:27:27] AUTH SERVICE: Plain password length: 11
[2025-11-29 16:27:27] AUTH SERVICE: Hashed password from DB: $2y$10$KnzyJHDnEWel61M5ZMkbQOeaP9LpyBNEC6rJnCbZ.BJ.Q9aqfK.FO
[2025-11-29 16:27:27] AUTH SERVICE: Hashed password length: 60
[2025-11-29 16:27:27] AUTH SERVICE: password_verify result: FALSE
[2025-11-29 16:27:27] AUTH SERVICE: Result: failure (password mismatch)
[2025-11-29 16:27:27] Authenticating user with email: admin@example.com
[2025-11-29 16:27:27] Result: failure
[2025-11-29 16:29:22] Found user with email: admin@example.com
[2025-11-29 16:29:22] AUTH SERVICE: Authenticating user with email: admin@example.com
[2025-11-29 16:29:22] AUTH SERVICE: Plain password length: 11
[2025-11-29 16:29:22] AUTH SERVICE: Hashed password from DB: $2y$10$48nsYZ6.9zHPji1nU2Khh.udyfBp9Qn7lXR8mPlnPoV5K2ndMoIqq
[2025-11-29 16:29:22] AUTH SERVICE: Hashed password length: 60
[2025-11-29 16:29:22] AUTH SERVICE: password_verify result: TRUE
[2025-11-29 16:29:22] AUTH SERVICE: Result: success
[2025-11-29 16:29:22] Authenticating user with email: admin@example.com
[2025-11-29 16:29:22] Result: success
[2025-11-29 18:54:07] Found user with email: admin@example.com
[2025-11-29 18:54:07] AUTH SERVICE: Authenticating user with email: admin@example.com
[2025-11-29 18:54:07] AUTH SERVICE: Plain password length: 11
[2025-11-29 18:54:07] AUTH SERVICE: Hashed password from DB: $2y$10$48nsYZ6.9zHPji1nU2Khh.udyfBp9Qn7lXR8mPlnPoV5K2ndMoIqq
[2025-11-29 18:54:07] AUTH SERVICE: Hashed password length: 60
[2025-11-29 18:54:07] AUTH SERVICE: password_verify result: TRUE
[2025-11-29 18:54:07] AUTH SERVICE: Result: success
[2025-11-29 18:54:07] Authenticating user with email: admin@example.com
[2025-11-29 18:54:07] Result: success
[2025-11-29 19:02:06] No route found for GET /admin/products/1
[2025-11-30 03:14:09] Found user with email: admin@example.com
[2025-11-30 03:14:09] AUTH SERVICE: Authenticating user with email: admin@example.com
[2025-11-30 03:14:09] AUTH SERVICE: Plain password length: 11
[2025-11-30 03:14:09] AUTH SERVICE: Hashed password from DB: $2y$10$48nsYZ6.9zHPji1nU2Khh.udyfBp9Qn7lXR8mPlnPoV5K2ndMoIqq
[2025-11-30 03:14:09] AUTH SERVICE: Hashed password length: 60
[2025-11-30 03:14:09] AUTH SERVICE: password_verify result: TRUE
[2025-11-30 03:14:09] AUTH SERVICE: Result: success
[2025-11-30 03:14:09] Authenticating user with email: admin@example.com
[2025-11-30 03:14:09] Result: success
[2025-11-30 06:39:19] Found user with email: admin@example.com
[2025-11-30 06:39:19] AUTH SERVICE: Authenticating user with email: admin@example.com
[2025-11-30 06:39:19] AUTH SERVICE: Plain password length: 11
[2025-11-30 06:39:19] AUTH SERVICE: Hashed password from DB: $2y$10$48nsYZ6.9zHPji1nU2Khh.udyfBp9Qn7lXR8mPlnPoV5K2ndMoIqq
[2025-11-30 06:39:19] AUTH SERVICE: Hashed password length: 60
[2025-11-30 06:39:19] AUTH SERVICE: password_verify result: TRUE
[2025-11-30 06:39:19] AUTH SERVICE: Result: success
[2025-11-30 06:39:19] Authenticating user with email: admin@example.com
[2025-11-30 06:39:19] Result: success
[2025-11-30 07:02:59] No route found for GET /admin/products/create
[2025-11-30 07:05:14] No route found for GET /product
[2025-11-30 07:05:34] No route found for GET /admin/categories
[2025-11-30 07:06:15] No route found for GET /admin/categories
[2025-11-30 10:22:05] Found user with email: admin@example.com
[2025-11-30 10:22:05] AUTH SERVICE: Authenticating user with email: admin@example.com
[2025-11-30 10:22:05] AUTH SERVICE: Plain password length: 11
[2025-11-30 10:22:05] AUTH SERVICE: Hashed password from DB: $2y$10$48nsYZ6.9zHPji1nU2Khh.udyfBp9Qn7lXR8mPlnPoV5K2ndMoIqq
[2025-11-30 10:22:05] AUTH SERVICE: Hashed password length: 60
[2025-11-30 10:22:05] AUTH SERVICE: password_verify result: TRUE
[2025-11-30 10:22:05] AUTH SERVICE: Result: success
[2025-11-30 10:22:05] Authenticating user with email: admin@example.com
[2025-11-30 10:22:05] Result: success
[2025-11-30 10:28:56] No route found for GET /admin/dashboard
[2025-11-30 10:29:05] Found user with email: admin@example.com
[2025-11-30 10:29:05] AUTH SERVICE: Authenticating user with email: admin@example.com
[2025-11-30 10:29:05] AUTH SERVICE: Plain password length: 11
[2025-11-30 10:29:05] AUTH SERVICE: Hashed password from DB: $2y$10$48nsYZ6.9zHPji1nU2Khh.udyfBp9Qn7lXR8mPlnPoV5K2ndMoIqq
[2025-11-30 10:29:05] AUTH SERVICE: Hashed password length: 60
[2025-11-30 10:29:05] AUTH SERVICE: password_verify result: TRUE
[2025-11-30 10:29:05] AUTH SERVICE: Result: success
[2025-11-30 10:29:05] Authenticating user with email: admin@example.com
[2025-11-30 10:29:05] Result: success
[2025-11-30 11:30:25] File array: {"name":"macbook.webp","full_path":"macbook.webp","type":"image\/webp","tmp_name":"\/tmp\/phpqGivJi","error":0,"size":42416}
[2025-11-30 11:30:25] File tmp_name: /tmp/phpqGivJi
[2025-11-30 11:30:25] File tmp_name exists: YES
[2025-11-30 11:30:25] File error: 0
[2025-11-30 11:30:25] File array: {"name":"macbook.webp","full_path":"macbook.webp","type":"image\/webp","tmp_name":"\/tmp\/phpqGivJi","error":0,"size":42416}
[2025-11-30 11:30:25] File tmp_name: /tmp/phpqGivJi
[2025-11-30 11:30:25] File tmp_name exists: NO
[2025-11-30 11:30:25] File error: 0
[2025-11-30 12:04:23] No route found for POST /admin/products/19/edit
[2025-11-30 12:04:41] No route found for POST /admin/products/19/edit
[2025-11-30 12:56:59] No route found for GET /admin_categories?
[2025-11-30 18:15:03] No route found for GET /product/iphone-17
[2025-11-30 18:15:09] No route found for GET /product/macbook-pro
[2025-11-30 18:15:43] No route found for GET /product/iphone-17
[2025-11-30 18:22:00] No route found for GET /product/iphone-17
[2025-11-30 18:22:28] No route found for GET /product/iphone-17
[2025-11-30 18:22:55] No route found for GET /product/1
[2025-11-30 18:22:57] No route found for GET /product/1
[2025-11-30 18:23:13] No route found for GET /product/iphone-17
[2025-11-30 18:23:55] No route found for GET /product/iphone-17
[2025-11-30 18:24:25] No route found for GET /product/iphone-17
[2025-11-30 18:24:48] No route found for GET /product/iphone-17
[2025-11-30 18:24:49] No route found for GET /product/iphone-17
[2025-11-30 18:25:47] No route found for GET /product/iphone-17
[2025-11-30 18:25:56] No route found for GET /product/iphone-17
[2025-11-30 18:26:34] Product: iPhone 17 was viewed.
[2025-11-30 18:26:34] Product: iPhone 17 was viewed.
[2025-11-30 18:26:40] Product: iPhone 17 was viewed.
[2025-11-30 18:26:40] Product: iPhone 17 was viewed.
[2025-11-30 18:26:51] Product: MacBook Pro was viewed.
[2025-11-30 18:26:51] Product: MacBook Pro was viewed.
[2025-11-30 18:27:53] Product: MacBook Pro was viewed.
[2025-11-30 18:27:53] Product: MacBook Pro was viewed.
[2025-11-30 18:28:06] Product: MacBook Pro was viewed.
[2025-11-30 18:28:06] Product: MacBook Pro was viewed.
[2025-11-30 18:28:43] Product: MacBook Pro was viewed.
[2025-11-30 18:30:06] Product: MacBook Pro was viewed.
[2025-11-30 18:33:16] Product: MacBook Pro was viewed.
[2025-11-30 18:34:16] Product: MacBook Pro was viewed.
[2025-11-30 18:34:33] Product: MacBook Pro was viewed.
[2025-11-30 18:34:33] Product: MacBook Pro was viewed.
[2025-11-30 18:34:57] Product: MacBook Pro was viewed.
[2025-11-30 18:34:57] Product: MacBook Pro was viewed.
[2025-11-30 18:35:21] Product: MacBook Pro was viewed.
[2025-11-30 18:35:21] Product: MacBook Pro was viewed.
[2025-11-30 18:35:38] Product: MacBook Pro was viewed.
[2025-11-30 18:35:38] Product: MacBook Pro was viewed.
[2025-11-30 18:36:00] Product: MacBook Pro was viewed.
[2025-11-30 18:36:00] Product: MacBook Pro was viewed.
[2025-11-30 18:36:49] Product: MacBook Pro was viewed.
[2025-11-30 18:36:49] Product: MacBook Pro was viewed.
[2025-11-30 18:37:14] Product: MacBook Pro was viewed.
[2025-11-30 18:37:14] Product: MacBook Pro was viewed.
[2025-11-30 18:37:45] Product: MacBook Pro was viewed.
[2025-11-30 18:37:45] Product: MacBook Pro was viewed.
[2025-11-30 18:38:57] Product: MacBook Pro was viewed.
[2025-11-30 18:38:57] Product: MacBook Pro was viewed.
[2025-11-30 18:39:04] Product: MacBook Pro was viewed.
[2025-11-30 18:39:04] Product: MacBook Pro was viewed.
[2025-11-30 18:40:26] Product: MacBook Pro was viewed.
[2025-11-30 18:40:26] Product: MacBook Pro was viewed.
[2025-11-30 18:41:09] Product: MacBook Pro was viewed.
[2025-11-30 18:41:09] Product: MacBook Pro was viewed.
[2025-11-30 18:42:14] Product: MacBook Pro was viewed.
[2025-11-30 18:42:14] Product: MacBook Pro was viewed.
[2025-11-30 18:49:24] Product: iPhone 17 was viewed.
[2025-11-30 18:49:24] Product: iPhone 17 was viewed.
[2025-11-30 18:52:29] Product: iPhone 17 was viewed.
[2025-11-30 18:52:29] Product: iPhone 17 was viewed.
[2025-11-30 18:52:38] Product: iPhone 17 was viewed.
[2025-11-30 18:52:38] Product: iPhone 17 was viewed.
[2025-11-30 18:52:43] Product: iPhone 17 was viewed.
[2025-11-30 18:52:43] Product: iPhone 17 was viewed.
[2025-11-30 18:52:44] Product: iPhone 17 was viewed.
[2025-11-30 18:52:44] Product: iPhone 17 was viewed.
[2025-11-30 18:52:44] Product: iPhone 17 was viewed.
[2025-11-30 18:52:44] Product: iPhone 17 was viewed.
[2025-11-30 18:52:45] Product: iPhone 17 was viewed.
[2025-11-30 18:52:45] Product: iPhone 17 was viewed.
[2025-11-30 18:52:46] Product: iPhone 17 was viewed.
[2025-11-30 18:52:46] Product: iPhone 17 was viewed.
[2025-11-30 18:54:39] Product: iPhone 17 was viewed.
[2025-11-30 18:54:39] Product: iPhone 17 was viewed.
[2025-11-30 18:58:44] Product: iPhone 17 was viewed.
[2025-11-30 18:58:44] Product: iPhone 17 was viewed.
[2025-11-30 18:59:10] Product: iPhone 17 was viewed.
[2025-11-30 18:59:10] Product: iPhone 17 was viewed.
[2025-11-30 19:00:20] Product: iPhone 17 was viewed.
[2025-11-30 19:00:20] Product: iPhone 17 was viewed.
[2025-11-30 19:02:58] Product: iPhone 17 was viewed.
[2025-11-30 19:02:58] Product: iPhone 17 was viewed.
[2025-11-30 19:03:05] Product: iPhone 17 was viewed.
[2025-11-30 19:03:05] Product: iPhone 17 was viewed.
[2025-11-30 19:07:02] Product: iPhone 17 was viewed.
[2025-11-30 19:07:02] Product: iPhone 17 was viewed.


[2025-11-30 19:07:44] Adding product to cart: Product ID: 44
[2025-11-30 19:08:06] Product: iPhone 17 was viewed.
[2025-11-30 19:08:06] Product: iPhone 17 was viewed.
[2025-11-30 19:08:08] Adding product to cart: Product ID: 44
[2025-11-30 19:08:51] Adding product to cart: Product ID: 44
[2025-11-30 19:08:59] Adding product to cart: Product ID: 44
[2025-11-30 19:09:32] Adding product to cart
[2025-11-30 19:09:43] Adding product to cart
[2025-11-30 19:10:02] Adding product to cart
[2025-11-30 19:10:02] Identified user: 
[2025-11-30 19:10:02] Identified session: c7de3285c24f7f64a2f6d493f53e502c
[2025-11-30 19:10:15] Adding product to cart
[2025-11-30 19:10:15] Identified user: 
[2025-11-30 19:10:15] Identified session: c7de3285c24f7f64a2f6d493f53e502c
[2025-11-30 19:10:15] Finding cart item: User ID: , Session ID: c7de3285c24f7f64a2f6d493f53e502c, Product ID: 44
[2025-11-30 19:10:40] Adding product to cart
[2025-11-30 19:10:40] Identified user: 
[2025-11-30 19:10:40] Identified session: c7de3285c24f7f64a2f6d493f53e502c
[2025-11-30 19:10:40] Finding cart item: User ID: , Session ID: c7de3285c24f7f64a2f6d493f53e502c, Product ID: 44
[2025-11-30 19:10:40] SQL: SELECT * FROM cart_items WHERE product_id = ? AND session_id = ?
[2025-11-30 19:10:40] Found cart item: {"id":4,"user_id":null,"session_id":"c7de3285c24f7f64a2f6d493f53e502c","product_id":44,"quantity":1,"added_at":"2025-11-30 23:58:46"}
[2025-11-30 19:12:00] Adding product to cart
[2025-11-30 19:12:00] Identified user: 
[2025-11-30 19:12:00] Identified session: c7de3285c24f7f64a2f6d493f53e502c
[2025-11-30 19:12:00] Finding cart item: User ID: , Session ID: c7de3285c24f7f64a2f6d493f53e502c, Product ID: 44
[2025-11-30 19:12:00] SQL: SELECT * FROM cart_items WHERE product_id = ? AND session_id = ?
[2025-11-30 19:12:00] Found cart item: {"id":4,"user_id":null,"session_id":"c7de3285c24f7f64a2f6d493f53e502c","product_id":44,"quantity":1,"added_at":"2025-11-30 23:58:46"}
[2025-11-30 19:12:00] Adding product to cart: User ID: , Session ID: c7de3285c24f7f64a2f6d493f53e502c, Product ID: 44, Quantity: 1
[2025-11-30 19:12:00] Updating existing cart item
[2025-11-30 19:12:21] Adding product to cart
[2025-11-30 19:12:21] Identified user: 
[2025-11-30 19:12:21] Identified session: c7de3285c24f7f64a2f6d493f53e502c
[2025-11-30 19:12:21] Finding cart item: User ID: , Session ID: c7de3285c24f7f64a2f6d493f53e502c, Product ID: 44
[2025-11-30 19:12:21] SQL: SELECT * FROM cart_items WHERE product_id = ? AND session_id = ?
[2025-11-30 19:12:21] Found cart item: {"id":4,"user_id":null,"session_id":"c7de3285c24f7f64a2f6d493f53e502c","product_id":44,"quantity":1,"added_at":"2025-11-30 23:58:46"}
[2025-11-30 19:14:23] Adding product to cart
[2025-11-30 19:14:23] Identified user: 
[2025-11-30 19:14:23] Identified session: c7de3285c24f7f64a2f6d493f53e502c
[2025-11-30 19:14:23] Finding cart item: User ID: , Session ID: c7de3285c24f7f64a2f6d493f53e502c, Product ID: 44
[2025-11-30 19:14:23] SQL: SELECT * FROM cart_items WHERE product_id = ? AND session_id = ?
[2025-11-30 19:14:23] Found cart item: {"id":4,"user_id":null,"session_id":"c7de3285c24f7f64a2f6d493f53e502c","product_id":44,"quantity":1,"added_at":"2025-11-30 23:58:46"}
[2025-11-30 19:14:23] Adding product to cart: User ID: , Session ID: c7de3285c24f7f64a2f6d493f53e502c, Product ID: 44, Quantity: 1
[2025-11-30 19:14:23] Updating existing cart item
[2025-11-30 19:14:23] Adding product to cart: Product ID: 44
[2025-11-30 19:14:23] Adding product to cart
[2025-11-30 19:14:23] Identified user: 
[2025-11-30 19:14:23] Identified session: c7de3285c24f7f64a2f6d493f53e502c
[2025-11-30 19:14:23] Finding cart item: User ID: , Session ID: c7de3285c24f7f64a2f6d493f53e502c, Product ID: 44
[2025-11-30 19:14:23] SQL: SELECT * FROM cart_items WHERE product_id = ? AND session_id = ?
[2025-11-30 19:14:23] Found cart item: {"id":4,"user_id":null,"session_id":"c7de3285c24f7f64a2f6d493f53e502c","product_id":44,"quantity":2,"added_at":"2025-11-30 23:58:46"}
[2025-11-30 19:14:23] Adding product to cart: User ID: , Session ID: c7de3285c24f7f64a2f6d493f53e502c, Product ID: 44, Quantity: 1
[2025-11-30 19:14:23] Updating existing cart item
[2025-11-30 19:14:24] Adding product to cart: Product ID: 44
[2025-11-30 19:14:25] Product: iPhone 17 was viewed.
[2025-11-30 19:14:25] Product: iPhone 17 was viewed.
[2025-11-30 19:14:26] Adding product to cart
[2025-11-30 19:14:26] Identified user: 
[2025-11-30 19:14:26] Identified session: c7de3285c24f7f64a2f6d493f53e502c
[2025-11-30 19:14:26] Finding cart item: User ID: , Session ID: c7de3285c24f7f64a2f6d493f53e502c, Product ID: 44
[2025-11-30 19:14:26] SQL: SELECT * FROM cart_items WHERE product_id = ? AND session_id = ?
[2025-11-30 19:14:26] Found cart item: {"id":4,"user_id":null,"session_id":"c7de3285c24f7f64a2f6d493f53e502c","product_id":44,"quantity":3,"added_at":"2025-11-30 23:58:46"}
[2025-11-30 19:14:26] Adding product to cart: User ID: , Session ID: c7de3285c24f7f64a2f6d493f53e502c, Product ID: 44, Quantity: 1
[2025-11-30 19:14:26] Updating existing cart item
[2025-11-30 19:14:26] Adding product to cart: Product ID: 44
[2025-11-30 19:14:32] Product: iPhone 17 was viewed.
[2025-11-30 19:14:32] Product: iPhone 17 was viewed.
[2025-11-30 19:18:18] Product: iPhone 17 was viewed.
[2025-11-30 19:18:18] Product: iPhone 17 was viewed.
[2025-11-30 19:18:20] Adding product to cart
[2025-11-30 19:18:20] Identified user: 
[2025-11-30 19:18:20] Identified session: c7de3285c24f7f64a2f6d493f53e502c
[2025-11-30 19:18:20] Finding cart item: User ID: , Session ID: c7de3285c24f7f64a2f6d493f53e502c, Product ID: 44
[2025-11-30 19:18:20] SQL: SELECT * FROM cart_items WHERE product_id = ? AND session_id = ?
[2025-11-30 19:18:20] Found cart item: {"id":4,"user_id":null,"session_id":"c7de3285c24f7f64a2f6d493f53e502c","product_id":44,"quantity":4,"added_at":"2025-11-30 23:58:46"}
[2025-11-30 19:18:20] Adding product to cart: User ID: , Session ID: c7de3285c24f7f64a2f6d493f53e502c, Product ID: 44, Quantity: 1
[2025-11-30 19:18:20] Updating existing cart item
[2025-11-30 19:18:20] Adding product to cart: Product ID: 44
[2025-11-30 19:18:25] Adding product to cart
[2025-11-30 19:18:25] Identified user: 
[2025-11-30 19:18:25] Identified session: c7de3285c24f7f64a2f6d493f53e502c
[2025-11-30 19:18:25] Finding cart item: User ID: , Session ID: c7de3285c24f7f64a2f6d493f53e502c, Product ID: 44
[2025-11-30 19:18:25] SQL: SELECT * FROM cart_items WHERE product_id = ? AND session_id = ?
[2025-11-30 19:18:25] Found cart item: {"id":4,"user_id":null,"session_id":"c7de3285c24f7f64a2f6d493f53e502c","product_id":44,"quantity":5,"added_at":"2025-11-30 23:58:46"}
[2025-11-30 19:18:25] Adding product to cart: User ID: , Session ID: c7de3285c24f7f64a2f6d493f53e502c, Product ID: 44, Quantity: 1
[2025-11-30 19:18:25] Updating existing cart item
[2025-11-30 19:18:25] Adding product to cart: Product ID: 44
[2025-11-30 19:18:35] Product: iPhone 17 was viewed.
[2025-11-30 19:18:35] Product: iPhone 17 was viewed.
[2025-11-30 19:19:25] Product: iPhone 17 was viewed.
[2025-11-30 19:19:25] Product: iPhone 17 was viewed.
[2025-11-30 19:19:28] Product: iPhone 17 was viewed.
[2025-11-30 19:19:28] Product: iPhone 17 was viewed.
[2025-11-30 19:19:46] Product: iPhone 17 was viewed.
[2025-11-30 19:19:46] Product: iPhone 17 was viewed.
[2025-11-30 19:19:48] Adding product to cart
[2025-11-30 19:19:48] Identified user: 
[2025-11-30 19:19:48] Identified session: c7de3285c24f7f64a2f6d493f53e502c
[2025-11-30 19:19:48] Finding cart item: User ID: , Session ID: c7de3285c24f7f64a2f6d493f53e502c, Product ID: 44
[2025-11-30 19:19:48] SQL: SELECT * FROM cart_items WHERE product_id = ? AND session_id = ?
[2025-11-30 19:19:48] Found cart item: {"id":4,"user_id":null,"session_id":"c7de3285c24f7f64a2f6d493f53e502c","product_id":44,"quantity":6,"added_at":"2025-11-30 23:58:46"}
[2025-11-30 19:19:48] Adding product to cart: User ID: , Session ID: c7de3285c24f7f64a2f6d493f53e502c, Product ID: 44, Quantity: 1
[2025-11-30 19:19:48] Updating existing cart item
[2025-11-30 19:19:48] Adding product to cart: Product ID: 44
[2025-11-30 19:20:00] Product: iPhone 17 was viewed.
[2025-11-30 19:20:00] Product: iPhone 17 was viewed.
[2025-11-30 19:20:01] Adding product to cart
[2025-11-30 19:20:01] Identified user: 
[2025-11-30 19:20:01] Identified session: c7de3285c24f7f64a2f6d493f53e502c
[2025-11-30 19:20:01] Finding cart item: User ID: , Session ID: c7de3285c24f7f64a2f6d493f53e502c, Product ID: 44
[2025-11-30 19:20:01] SQL: SELECT * FROM cart_items WHERE product_id = ? AND session_id = ?
[2025-11-30 19:20:01] Found cart item: {"id":4,"user_id":null,"session_id":"c7de3285c24f7f64a2f6d493f53e502c","product_id":44,"quantity":7,"added_at":"2025-11-30 23:58:46"}
[2025-11-30 19:20:01] Adding product to cart: User ID: , Session ID: c7de3285c24f7f64a2f6d493f53e502c, Product ID: 44, Quantity: 1
[2025-11-30 19:20:01] Updating existing cart item
[2025-11-30 19:20:01] Adding product to cart: Product ID: 44
[2025-11-30 19:20:05] Product: iPhone 17 was viewed.
[2025-11-30 19:20:05] Product: iPhone 17 was viewed.
[2025-11-30 19:20:27] Product: iPhone 17 was viewed.
[2025-11-30 19:20:27] Product: iPhone 17 was viewed.
[2025-11-30 19:23:19] Product: iPhone 17 was viewed.
[2025-11-30 19:23:19] Product: iPhone 17 was viewed.
[2025-11-30 19:23:59] Product: iPhone 17 was viewed.
[2025-11-30 19:23:59] Product: iPhone 17 was viewed.
[2025-11-30 19:25:13] Product: iPhone 17 was viewed.
[2025-11-30 19:25:13] Product: iPhone 17 was viewed.
[2025-11-30 19:27:02] Product: iPhone 17 was viewed.
[2025-11-30 19:27:02] Product: iPhone 17 was viewed.
[2025-11-30 19:27:26] Product: iPhone 17 was viewed.
[2025-11-30 19:27:26] Product: iPhone 17 was viewed.
[2025-11-30 19:27:28] No route found for POST /product/iphone-17
[2025-11-30 19:27:30] Product: iPhone 17 was viewed.
[2025-11-30 19:27:30] Product: iPhone 17 was viewed.
[2025-11-30 19:27:55] Product: iPhone 17 was viewed.
[2025-11-30 19:27:55] Product: iPhone 17 was viewed.
[2025-11-30 19:27:56] No route found for POST /product/iphone-17
[2025-11-30 19:28:21] No route found for POST /product/iphone-17
[2025-11-30 19:28:22] Product: iPhone 17 was viewed.
[2025-11-30 19:28:22] Product: iPhone 17 was viewed.
[2025-11-30 19:28:24] No route found for POST /product/iphone-17
[2025-11-30 19:29:16] Product: iPhone 17 was viewed.
[2025-11-30 19:29:16] Product: iPhone 17 was viewed.
[2025-11-30 19:29:18] No route found for POST /cart/add
[2025-11-30 19:29:36] Product: iPhone 17 was viewed.
[2025-11-30 19:29:36] Product: iPhone 17 was viewed.
[2025-11-30 19:29:37] Adding product to cart
[2025-11-30 19:29:37] Identified user: 
[2025-11-30 19:29:37] Identified session: c7de3285c24f7f64a2f6d493f53e502c
[2025-11-30 19:29:37] Finding cart item: User ID: , Session ID: c7de3285c24f7f64a2f6d493f53e502c, Product ID: 44
[2025-11-30 19:29:37] SQL: SELECT * FROM cart_items WHERE product_id = ? AND session_id = ?
[2025-11-30 19:29:37] Found cart item: {"id":4,"user_id":null,"session_id":"c7de3285c24f7f64a2f6d493f53e502c","product_id":44,"quantity":8,"added_at":"2025-11-30 23:58:46"}
[2025-11-30 19:29:37] Adding product to cart: User ID: , Session ID: c7de3285c24f7f64a2f6d493f53e502c, Product ID: 44, Quantity: 1
[2025-11-30 19:29:37] Updating existing cart item
[2025-11-30 19:29:37] Adding product to cart: Product ID: 44
[2025-11-30 19:29:46] Product: iPhone 17 was viewed.
[2025-11-30 19:29:46] Product: iPhone 17 was viewed.
[2025-11-30 19:30:38] Adding product to cart
[2025-11-30 19:30:38] Identified user: 
[2025-11-30 19:30:38] Identified session: c7de3285c24f7f64a2f6d493f53e502c
[2025-11-30 19:30:38] Finding cart item: User ID: , Session ID: c7de3285c24f7f64a2f6d493f53e502c, Product ID: 44
[2025-11-30 19:30:38] SQL: SELECT * FROM cart_items WHERE product_id = ? AND session_id = ?
[2025-11-30 19:30:38] Found cart item: {"id":4,"user_id":null,"session_id":"c7de3285c24f7f64a2f6d493f53e502c","product_id":44,"quantity":9,"added_at":"2025-11-30 23:58:46"}
[2025-11-30 19:30:38] Adding product to cart: User ID: , Session ID: c7de3285c24f7f64a2f6d493f53e502c, Product ID: 44, Quantity: 1
[2025-11-30 19:30:38] Updating existing cart item
[2025-11-30 19:30:38] Adding product to cart: Product ID: 44
[2025-11-30 19:30:38] Adding product to cart
[2025-11-30 19:30:38] Identified user: 
[2025-11-30 19:30:38] Identified session: c7de3285c24f7f64a2f6d493f53e502c
[2025-11-30 19:30:38] Finding cart item: User ID: , Session ID: c7de3285c24f7f64a2f6d493f53e502c, Product ID: 44
[2025-11-30 19:30:38] SQL: SELECT * FROM cart_items WHERE product_id = ? AND session_id = ?
[2025-11-30 19:30:38] Found cart item: {"id":4,"user_id":null,"session_id":"c7de3285c24f7f64a2f6d493f53e502c","product_id":44,"quantity":10,"added_at":"2025-11-30 23:58:46"}
[2025-11-30 19:30:38] Adding product to cart: User ID: , Session ID: c7de3285c24f7f64a2f6d493f53e502c, Product ID: 44, Quantity: 1
[2025-11-30 19:30:38] Updating existing cart item
[2025-11-30 19:30:38] Adding product to cart: Product ID: 44
[2025-11-30 19:32:19] Adding product to cart
[2025-11-30 19:32:19] Identified user: 
[2025-11-30 19:32:19] Identified session: c7de3285c24f7f64a2f6d493f53e502c
[2025-11-30 19:32:19] Finding cart item: User ID: , Session ID: c7de3285c24f7f64a2f6d493f53e502c, Product ID: 44
[2025-11-30 19:32:19] SQL: SELECT * FROM cart_items WHERE product_id = ? AND session_id = ?
[2025-11-30 19:32:19] Found cart item: {"id":4,"user_id":null,"session_id":"c7de3285c24f7f64a2f6d493f53e502c","product_id":44,"quantity":11,"added_at":"2025-11-30 23:58:46"}
[2025-11-30 19:32:19] Adding product to cart: User ID: , Session ID: c7de3285c24f7f64a2f6d493f53e502c, Product ID: 44, Quantity: 1
[2025-11-30 19:32:19] Updating existing cart item
[2025-11-30 19:32:19] Adding product to cart: Product ID: 44
[2025-11-30 19:32:19] Adding product to cart
[2025-11-30 19:32:19] Identified user: 
[2025-11-30 19:32:19] Identified session: c7de3285c24f7f64a2f6d493f53e502c
[2025-11-30 19:32:19] Finding cart item: User ID: , Session ID: c7de3285c24f7f64a2f6d493f53e502c, Product ID: 44
[2025-11-30 19:32:19] SQL: SELECT * FROM cart_items WHERE product_id = ? AND session_id = ?
[2025-11-30 19:32:19] Found cart item: {"id":4,"user_id":null,"session_id":"c7de3285c24f7f64a2f6d493f53e502c","product_id":44,"quantity":12,"added_at":"2025-11-30 23:58:46"}
[2025-11-30 19:32:19] Adding product to cart: User ID: , Session ID: c7de3285c24f7f64a2f6d493f53e502c, Product ID: 44, Quantity: 1
[2025-11-30 19:32:19] Updating existing cart item
[2025-11-30 19:32:19] Adding product to cart: Product ID: 44
[2025-11-30 19:32:50] Adding product to cart
[2025-11-30 19:32:50] Identified user: 
[2025-11-30 19:32:50] Identified session: c7de3285c24f7f64a2f6d493f53e502c
[2025-11-30 19:32:50] Finding cart item: User ID: , Session ID: c7de3285c24f7f64a2f6d493f53e502c, Product ID: 44
[2025-11-30 19:32:50] SQL: SELECT * FROM cart_items WHERE product_id = ? AND session_id = ?
[2025-11-30 19:32:50] Found cart item: {"id":4,"user_id":null,"session_id":"c7de3285c24f7f64a2f6d493f53e502c","product_id":44,"quantity":13,"added_at":"2025-11-30 23:58:46"}
[2025-11-30 19:32:50] Adding product to cart: User ID: , Session ID: c7de3285c24f7f64a2f6d493f53e502c, Product ID: 44, Quantity: 1
[2025-11-30 19:32:50] Updating existing cart item
[2025-11-30 19:32:50] Adding product to cart: Product ID: 44
[2025-11-30 19:32:50] Adding product to cart
[2025-11-30 19:32:50] Identified user: 
[2025-11-30 19:32:50] Identified session: c7de3285c24f7f64a2f6d493f53e502c
[2025-11-30 19:32:50] Finding cart item: User ID: , Session ID: c7de3285c24f7f64a2f6d493f53e502c, Product ID: 44
[2025-11-30 19:32:50] SQL: SELECT * FROM cart_items WHERE product_id = ? AND session_id = ?
[2025-11-30 19:32:50] Found cart item: {"id":4,"user_id":null,"session_id":"c7de3285c24f7f64a2f6d493f53e502c","product_id":44,"quantity":14,"added_at":"2025-11-30 23:58:46"}
[2025-11-30 19:32:50] Adding product to cart: User ID: , Session ID: c7de3285c24f7f64a2f6d493f53e502c, Product ID: 44, Quantity: 1
[2025-11-30 19:32:50] Updating existing cart item
[2025-11-30 19:32:50] Adding product to cart: Product ID: 44
[2025-11-30 19:33:36] Adding product to cart
[2025-11-30 19:33:36] Identified user: 
[2025-11-30 19:33:36] Identified session: c7de3285c24f7f64a2f6d493f53e502c
[2025-11-30 19:33:36] Finding cart item: User ID: , Session ID: c7de3285c24f7f64a2f6d493f53e502c, Product ID: 44
[2025-11-30 19:33:36] SQL: SELECT * FROM cart_items WHERE product_id = ? AND session_id = ?
[2025-11-30 19:33:36] Found cart item: {"id":4,"user_id":null,"session_id":"c7de3285c24f7f64a2f6d493f53e502c","product_id":44,"quantity":15,"added_at":"2025-11-30 23:58:46"}
[2025-11-30 19:33:36] Adding product to cart: User ID: , Session ID: c7de3285c24f7f64a2f6d493f53e502c, Product ID: 44, Quantity: 1
[2025-11-30 19:33:36] Updating existing cart item
[2025-11-30 19:33:36] Adding product to cart: Product ID: 44
[2025-11-30 19:33:36] Adding product to cart
[2025-11-30 19:33:36] Identified user: 
[2025-11-30 19:33:36] Identified session: c7de3285c24f7f64a2f6d493f53e502c
[2025-11-30 19:33:36] Finding cart item: User ID: , Session ID: c7de3285c24f7f64a2f6d493f53e502c, Product ID: 44
[2025-11-30 19:33:36] SQL: SELECT * FROM cart_items WHERE product_id = ? AND session_id = ?
[2025-11-30 19:33:36] Found cart item: {"id":4,"user_id":null,"session_id":"c7de3285c24f7f64a2f6d493f53e502c","product_id":44,"quantity":16,"added_at":"2025-11-30 23:58:46"}
[2025-11-30 19:33:36] Adding product to cart: User ID: , Session ID: c7de3285c24f7f64a2f6d493f53e502c, Product ID: 44, Quantity: 1
[2025-11-30 19:33:36] Updating existing cart item
[2025-11-30 19:33:36] Adding product to cart: Product ID: 44
[2025-11-30 19:33:39] Adding product to cart
[2025-11-30 19:33:39] Identified user: 
[2025-11-30 19:33:39] Identified session: c7de3285c24f7f64a2f6d493f53e502c
[2025-11-30 19:33:39] Finding cart item: User ID: , Session ID: c7de3285c24f7f64a2f6d493f53e502c, Product ID: 43
[2025-11-30 19:33:39] SQL: SELECT * FROM cart_items WHERE product_id = ? AND session_id = ?
[2025-11-30 19:33:39] Found cart item: false
[2025-11-30 19:33:39] Adding product to cart: User ID: , Session ID: c7de3285c24f7f64a2f6d493f53e502c, Product ID: 43, Quantity: 1
[2025-11-30 19:33:39] Adding new cart item
[2025-11-30 19:33:39] Adding product to cart: Product ID: 43
[2025-11-30 19:33:39] Adding product to cart
[2025-11-30 19:33:39] Identified user: 
[2025-11-30 19:33:39] Identified session: c7de3285c24f7f64a2f6d493f53e502c
[2025-11-30 19:33:39] Finding cart item: User ID: , Session ID: c7de3285c24f7f64a2f6d493f53e502c, Product ID: 43
[2025-11-30 19:33:39] SQL: SELECT * FROM cart_items WHERE product_id = ? AND session_id = ?
[2025-11-30 19:33:39] Found cart item: {"id":5,"user_id":null,"session_id":"c7de3285c24f7f64a2f6d493f53e502c","product_id":43,"quantity":1,"added_at":"2025-12-01 00:33:39"}
[2025-11-30 19:33:39] Adding product to cart: User ID: , Session ID: c7de3285c24f7f64a2f6d493f53e502c, Product ID: 43, Quantity: 1
[2025-11-30 19:33:39] Updating existing cart item
[2025-11-30 19:33:39] Adding product to cart: Product ID: 43
[2025-11-30 19:33:43] Product: MacBook Pro was viewed.
[2025-11-30 19:33:43] Product: MacBook Pro was viewed.
[2025-11-30 19:33:44] Adding product to cart
[2025-11-30 19:33:44] Identified user: 
[2025-11-30 19:33:44] Identified session: c7de3285c24f7f64a2f6d493f53e502c
[2025-11-30 19:33:44] Finding cart item: User ID: , Session ID: c7de3285c24f7f64a2f6d493f53e502c, Product ID: 43
[2025-11-30 19:33:44] SQL: SELECT * FROM cart_items WHERE product_id = ? AND session_id = ?
[2025-11-30 19:33:44] Found cart item: {"id":5,"user_id":null,"session_id":"c7de3285c24f7f64a2f6d493f53e502c","product_id":43,"quantity":2,"added_at":"2025-12-01 00:33:39"}
[2025-11-30 19:33:44] Adding product to cart: User ID: , Session ID: c7de3285c24f7f64a2f6d493f53e502c, Product ID: 43, Quantity: 1
[2025-11-30 19:33:44] Updating existing cart item
[2025-11-30 19:33:44] Adding product to cart: Product ID: 43
[2025-11-30 19:33:45] Product: MacBook Pro was viewed.
[2025-11-30 19:33:45] Product: MacBook Pro was viewed.
[2025-11-30 19:33:56] Product: MacBook Pro was viewed.
[2025-11-30 19:33:56] Product: MacBook Pro was viewed.
[2025-11-30 19:34:20] Found user with email: admin@example.com
[2025-11-30 19:34:20] AUTH SERVICE: Authenticating user with email: admin@example.com
[2025-11-30 19:34:20] AUTH SERVICE: Plain password length: 11
[2025-11-30 19:34:20] AUTH SERVICE: Hashed password from DB: $2y$10$48nsYZ6.9zHPji1nU2Khh.udyfBp9Qn7lXR8mPlnPoV5K2ndMoIqq
[2025-11-30 19:34:20] AUTH SERVICE: Hashed password length: 60
[2025-11-30 19:34:20] AUTH SERVICE: password_verify result: TRUE
[2025-11-30 19:34:20] AUTH SERVICE: Result: success
[2025-11-30 19:34:20] Authenticating user with email: admin@example.com
[2025-11-30 19:34:20] Result: success
[2025-11-30 19:34:33] No route found for GET /admin/categories//edit
[2025-11-30 19:35:58] Product: iPhone 17 was viewed.
[2025-11-30 19:35:58] Product: iPhone 17 was viewed.
[2025-11-30 19:36:07] Product: MacBook Pro was viewed.
[2025-11-30 19:36:07] Product: MacBook Pro was viewed.
[2025-11-30 19:40:41] Product: iPhone 17 was viewed.
[2025-11-30 19:40:41] Product: iPhone 17 was viewed.
[2025-11-30 19:40:42] Adding product to cart
[2025-11-30 19:40:42] Identified user: 1
[2025-11-30 19:40:42] Identified session: c7de3285c24f7f64a2f6d493f53e502c
[2025-11-30 19:40:42] Finding cart item: User ID: 1, Session ID: c7de3285c24f7f64a2f6d493f53e502c, Product ID: 44
[2025-11-30 19:40:42] SQL: SELECT * FROM cart_items WHERE product_id = ? AND user_id = ?
[2025-11-30 19:40:42] Found cart item: false
[2025-11-30 19:40:42] Adding product to cart: User ID: 1, Session ID: c7de3285c24f7f64a2f6d493f53e502c, Product ID: 44, Quantity: 1
[2025-11-30 19:40:42] Adding new cart item
[2025-11-30 19:41:02] Adding product to cart
[2025-11-30 19:41:02] Identified user: 1
[2025-11-30 19:41:02] Identified session: c7de3285c24f7f64a2f6d493f53e502c
[2025-11-30 19:41:02] Finding cart item: User ID: 1, Session ID: c7de3285c24f7f64a2f6d493f53e502c, Product ID: 44
[2025-11-30 19:41:02] SQL: SELECT * FROM cart_items WHERE product_id = ? AND user_id = ?
[2025-11-30 19:41:02] Found cart item: false
[2025-11-30 19:41:02] Adding product to cart: User ID: 1, Session ID: c7de3285c24f7f64a2f6d493f53e502c, Product ID: 44, Quantity: 1
[2025-11-30 19:41:02] Adding new cart item
[2025-11-30 19:41:14] Adding product to cart
[2025-11-30 19:41:14] Identified user: 1
[2025-11-30 19:41:14] Identified session: c7de3285c24f7f64a2f6d493f53e502c
[2025-11-30 19:41:14] Finding cart item: User ID: 1, Session ID: c7de3285c24f7f64a2f6d493f53e502c, Product ID: 44
[2025-11-30 19:41:14] SQL: SELECT * FROM cart_items WHERE product_id = ? AND user_id = ?
[2025-11-30 19:41:14] Found cart item: false
[2025-11-30 19:41:14] Adding product to cart: User ID: 1, Session ID: c7de3285c24f7f64a2f6d493f53e502c, Product ID: 44, Quantity: 1
[2025-11-30 19:41:14] Adding new cart item
[2025-11-30 19:41:16] Product: iPhone 17 was viewed.
[2025-11-30 19:41:16] Product: iPhone 17 was viewed.
[2025-11-30 19:41:18] Adding product to cart
[2025-11-30 19:41:18] Identified user: 1
[2025-11-30 19:41:18] Identified session: c7de3285c24f7f64a2f6d493f53e502c
[2025-11-30 19:41:18] Finding cart item: User ID: 1, Session ID: c7de3285c24f7f64a2f6d493f53e502c, Product ID: 44
[2025-11-30 19:41:18] SQL: SELECT * FROM cart_items WHERE product_id = ? AND user_id = ?
[2025-11-30 19:41:18] Found cart item: false
[2025-11-30 19:41:18] Adding product to cart: User ID: 1, Session ID: c7de3285c24f7f64a2f6d493f53e502c, Product ID: 44, Quantity: 1
[2025-11-30 19:41:18] Adding new cart item
[2025-11-30 19:41:43] Adding product to cart
[2025-11-30 19:41:43] Identified user: 1
[2025-11-30 19:41:43] Identified session: c7de3285c24f7f64a2f6d493f53e502c
[2025-11-30 19:41:43] Finding cart item: User ID: 1, Session ID: c7de3285c24f7f64a2f6d493f53e502c, Product ID: 44
[2025-11-30 19:41:43] SQL: SELECT * FROM cart_items WHERE product_id = ? AND user_id = ?
[2025-11-30 19:41:43] Found cart item: false
[2025-11-30 19:41:43] Adding product to cart: User ID: 1, Session ID: c7de3285c24f7f64a2f6d493f53e502c, Product ID: 44, Quantity: 1
[2025-11-30 19:41:43] Adding new cart item
[2025-11-30 19:41:48] Product: iPhone 17 was viewed.
[2025-11-30 19:41:48] Product: iPhone 17 was viewed.
[2025-11-30 19:42:29] No route found for GET /product/
[2025-11-30 19:42:35] Product: iPhone 17 was viewed.
[2025-11-30 19:42:35] Product: iPhone 17 was viewed.
[2025-11-30 19:42:36] Adding product to cart
[2025-11-30 19:42:36] Identified user: 1
[2025-11-30 19:42:36] Identified session: c7de3285c24f7f64a2f6d493f53e502c
[2025-11-30 19:42:36] Finding cart item: User ID: 1, Session ID: c7de3285c24f7f64a2f6d493f53e502c, Product ID: 44
[2025-11-30 19:42:36] SQL: SELECT * FROM cart_items WHERE product_id = ? AND user_id = ?
[2025-11-30 19:42:36] Found cart item: false
[2025-11-30 19:42:36] Adding product to cart: User ID: 1, Session ID: c7de3285c24f7f64a2f6d493f53e502c, Product ID: 44, Quantity: 1
[2025-11-30 19:42:36] Adding new cart item
[2025-11-30 19:42:39] Adding product to cart
[2025-11-30 19:42:39] Identified user: 1
[2025-11-30 19:42:39] Identified session: c7de3285c24f7f64a2f6d493f53e502c
[2025-11-30 19:42:39] Finding cart item: User ID: 1, Session ID: c7de3285c24f7f64a2f6d493f53e502c, Product ID: 44
[2025-11-30 19:42:39] SQL: SELECT * FROM cart_items WHERE product_id = ? AND user_id = ?
[2025-11-30 19:42:39] Found cart item: false
[2025-11-30 19:42:39] Adding product to cart: User ID: 1, Session ID: c7de3285c24f7f64a2f6d493f53e502c, Product ID: 44, Quantity: 1
[2025-11-30 19:42:39] Adding new cart item
[2025-11-30 19:42:39] Adding product to cart
[2025-11-30 19:42:39] Identified user: 1
[2025-11-30 19:42:39] Identified session: c7de3285c24f7f64a2f6d493f53e502c
[2025-11-30 19:42:39] Finding cart item: User ID: 1, Session ID: c7de3285c24f7f64a2f6d493f53e502c, Product ID: 44
[2025-11-30 19:42:39] SQL: SELECT * FROM cart_items WHERE product_id = ? AND user_id = ?
[2025-11-30 19:42:39] Found cart item: false
[2025-11-30 19:42:39] Adding product to cart: User ID: 1, Session ID: c7de3285c24f7f64a2f6d493f53e502c, Product ID: 44, Quantity: 1
[2025-11-30 19:42:39] Adding new cart item
[2025-11-30 19:42:47] Adding product to cart
[2025-11-30 19:42:47] Identified user: 1
[2025-11-30 19:42:47] Identified session: c7de3285c24f7f64a2f6d493f53e502c
[2025-11-30 19:42:47] Finding cart item: User ID: 1, Session ID: c7de3285c24f7f64a2f6d493f53e502c, Product ID: 44
[2025-11-30 19:42:47] SQL: SELECT * FROM cart_items WHERE product_id = ? AND user_id = ?
[2025-11-30 19:42:47] Found cart item: false
[2025-11-30 19:42:47] Adding product to cart: User ID: 1, Session ID: c7de3285c24f7f64a2f6d493f53e502c, Product ID: 44, Quantity: 1
[2025-11-30 19:42:47] Adding new cart item
[2025-11-30 19:42:47] Adding product to cart
[2025-11-30 19:42:47] Identified user: 1
[2025-11-30 19:42:47] Identified session: c7de3285c24f7f64a2f6d493f53e502c
[2025-11-30 19:42:47] Finding cart item: User ID: 1, Session ID: c7de3285c24f7f64a2f6d493f53e502c, Product ID: 44
[2025-11-30 19:42:47] SQL: SELECT * FROM cart_items WHERE product_id = ? AND user_id = ?
[2025-11-30 19:42:47] Found cart item: false
[2025-11-30 19:42:47] Adding product to cart: User ID: 1, Session ID: c7de3285c24f7f64a2f6d493f53e502c, Product ID: 44, Quantity: 1
[2025-11-30 19:42:47] Adding new cart item
[2025-11-30 19:44:05] Adding product to cart
[2025-11-30 19:44:05] Identified user: 1
[2025-11-30 19:44:05] Identified session: c7de3285c24f7f64a2f6d493f53e502c
[2025-11-30 19:44:05] Finding cart item: User ID: 1, Session ID: c7de3285c24f7f64a2f6d493f53e502c, Product ID: 44
[2025-11-30 19:44:05] SQL: SELECT * FROM cart_items WHERE product_id = ? AND user_id = ?
[2025-11-30 19:44:05] Found cart item: false
[2025-11-30 19:44:05] Adding product to cart: User ID: 1, Session ID: c7de3285c24f7f64a2f6d493f53e502c, Product ID: 44, Quantity: 1
[2025-11-30 19:44:05] Adding new cart item
[2025-11-30 19:44:05] Adding product to cart
[2025-11-30 19:44:05] Identified user: 1
[2025-11-30 19:44:05] Identified session: c7de3285c24f7f64a2f6d493f53e502c
[2025-11-30 19:44:05] Finding cart item: User ID: 1, Session ID: c7de3285c24f7f64a2f6d493f53e502c, Product ID: 44
[2025-11-30 19:44:05] SQL: SELECT * FROM cart_items WHERE product_id = ? AND user_id = ?
[2025-11-30 19:44:05] Found cart item: false
[2025-11-30 19:44:05] Adding product to cart: User ID: 1, Session ID: c7de3285c24f7f64a2f6d493f53e502c, Product ID: 44, Quantity: 1
[2025-11-30 19:44:05] Adding new cart item
[2025-11-30 19:45:54] Adding product to cart
[2025-11-30 19:45:54] Identified user: 1
[2025-11-30 19:45:54] Identified session: c7de3285c24f7f64a2f6d493f53e502c
[2025-11-30 19:45:54] Finding cart item: User ID: 1, Session ID: c7de3285c24f7f64a2f6d493f53e502c, Product ID: 44
[2025-11-30 19:45:54] SQL: SELECT * FROM cart_items WHERE product_id = ? AND user_id = ?OR session_id = ?
[2025-11-30 19:45:54] Adding product to cart
[2025-11-30 19:45:54] Identified user: 1
[2025-11-30 19:45:54] Identified session: c7de3285c24f7f64a2f6d493f53e502c
[2025-11-30 19:45:54] Finding cart item: User ID: 1, Session ID: c7de3285c24f7f64a2f6d493f53e502c, Product ID: 44
[2025-11-30 19:45:54] SQL: SELECT * FROM cart_items WHERE product_id = ? AND user_id = ?OR session_id = ?
[2025-11-30 19:50:14] Adding product to cart
[2025-11-30 19:50:14] Identified user: 1
[2025-11-30 19:50:14] Identified session: c7de3285c24f7f64a2f6d493f53e502c
[2025-11-30 19:50:14] Finding cart item: User ID: 1, Session ID: c7de3285c24f7f64a2f6d493f53e502c, Product ID: 44
[2025-11-30 19:50:14] SQL: SELECT * FROM cart_items WHERE product_id = ? AND OR session_id = ?
[2025-11-30 19:50:14] Adding product to cart
[2025-11-30 19:50:14] Identified user: 1
[2025-11-30 19:50:14] Identified session: c7de3285c24f7f64a2f6d493f53e502c
[2025-11-30 19:50:14] Finding cart item: User ID: 1, Session ID: c7de3285c24f7f64a2f6d493f53e502c, Product ID: 44
[2025-11-30 19:50:14] SQL: SELECT * FROM cart_items WHERE product_id = ? AND OR session_id = ?
[2025-11-30 19:50:26] Product: iPhone 17 was viewed.
[2025-11-30 19:50:26] Product: iPhone 17 was viewed.
[2025-11-30 19:50:29] Adding product to cart
[2025-11-30 19:50:29] Identified user: 1
[2025-11-30 19:50:29] Identified session: c7de3285c24f7f64a2f6d493f53e502c
[2025-11-30 19:50:29] Finding cart item: User ID: 1, Session ID: c7de3285c24f7f64a2f6d493f53e502c, Product ID: 44
[2025-11-30 19:50:29] SQL: SELECT * FROM cart_items WHERE product_id = ? AND session_id = ?
[2025-11-30 19:50:29] Found cart item: {"id":4,"user_id":null,"session_id":"c7de3285c24f7f64a2f6d493f53e502c","product_id":44,"quantity":17,"added_at":"2025-11-30 23:58:46"}
[2025-11-30 19:50:29] Adding product to cart: User ID: 1, Session ID: c7de3285c24f7f64a2f6d493f53e502c, Product ID: 44, Quantity: 1
[2025-11-30 19:50:29] Updating existing cart item
[2025-11-30 19:50:29] Adding product to cart: Product ID: 44
[2025-11-30 19:50:31] Product: iPhone 17 was viewed.
[2025-11-30 19:50:31] Product: iPhone 17 was viewed.
[2025-11-30 19:50:35] Adding product to cart
[2025-11-30 19:50:35] Identified user: 1
[2025-11-30 19:50:35] Identified session: c7de3285c24f7f64a2f6d493f53e502c
[2025-11-30 19:50:35] Finding cart item: User ID: 1, Session ID: c7de3285c24f7f64a2f6d493f53e502c, Product ID: 44
[2025-11-30 19:50:35] SQL: SELECT * FROM cart_items WHERE product_id = ? AND session_id = ?
[2025-11-30 19:50:35] Found cart item: {"id":4,"user_id":null,"session_id":"c7de3285c24f7f64a2f6d493f53e502c","product_id":44,"quantity":18,"added_at":"2025-11-30 23:58:46"}
[2025-11-30 19:50:35] Adding product to cart: User ID: 1, Session ID: c7de3285c24f7f64a2f6d493f53e502c, Product ID: 44, Quantity: 1
[2025-11-30 19:50:35] Updating existing cart item
[2025-11-30 19:50:35] Adding product to cart: Product ID: 44
[2025-11-30 19:50:35] Adding product to cart
[2025-11-30 19:50:35] Identified user: 1
[2025-11-30 19:50:35] Identified session: c7de3285c24f7f64a2f6d493f53e502c
[2025-11-30 19:50:35] Finding cart item: User ID: 1, Session ID: c7de3285c24f7f64a2f6d493f53e502c, Product ID: 44
[2025-11-30 19:50:35] SQL: SELECT * FROM cart_items WHERE product_id = ? AND session_id = ?
[2025-11-30 19:50:35] Found cart item: {"id":4,"user_id":null,"session_id":"c7de3285c24f7f64a2f6d493f53e502c","product_id":44,"quantity":19,"added_at":"2025-11-30 23:58:46"}
[2025-11-30 19:50:35] Adding product to cart: User ID: 1, Session ID: c7de3285c24f7f64a2f6d493f53e502c, Product ID: 44, Quantity: 1
[2025-11-30 19:50:35] Updating existing cart item
[2025-11-30 19:50:35] Adding product to cart: Product ID: 44
[2025-11-30 19:56:34] Adding product to cart
[2025-11-30 19:56:34] Identified user: 1
[2025-11-30 19:56:34] Identified session: c7de3285c24f7f64a2f6d493f53e502c
[2025-11-30 19:56:34] Finding cart item: User ID: 1, Session ID: c7de3285c24f7f64a2f6d493f53e502c, Product ID: 44
[2025-11-30 19:56:34] SQL: SELECT * FROM cart_items WHERE product_id = ? AND session_id = ?
[2025-11-30 19:56:34] Found cart item: {"id":4,"user_id":null,"session_id":"c7de3285c24f7f64a2f6d493f53e502c","product_id":44,"quantity":20,"added_at":"2025-11-30 23:58:46"}
[2025-11-30 19:56:34] Adding product to cart: User ID: 1, Session ID: c7de3285c24f7f64a2f6d493f53e502c, Product ID: 44, Quantity: 1
[2025-11-30 19:56:34] Updating existing cart item
[2025-11-30 19:56:34] Adding product to cart: Product ID: 44
[2025-11-30 19:56:34] Adding product to cart
[2025-11-30 19:56:34] Identified user: 1
[2025-11-30 19:56:34] Identified session: c7de3285c24f7f64a2f6d493f53e502c
[2025-11-30 19:56:34] Finding cart item: User ID: 1, Session ID: c7de3285c24f7f64a2f6d493f53e502c, Product ID: 44
[2025-11-30 19:56:34] SQL: SELECT * FROM cart_items WHERE product_id = ? AND session_id = ?
[2025-11-30 19:56:34] Found cart item: {"id":4,"user_id":null,"session_id":"c7de3285c24f7f64a2f6d493f53e502c","product_id":44,"quantity":21,"added_at":"2025-11-30 23:58:46"}
[2025-11-30 19:56:34] Adding product to cart: User ID: 1, Session ID: c7de3285c24f7f64a2f6d493f53e502c, Product ID: 44, Quantity: 1
[2025-11-30 19:56:34] Updating existing cart item
[2025-11-30 19:56:34] Adding product to cart: Product ID: 44
[2025-11-30 19:56:36] Adding product to cart
[2025-11-30 19:56:36] Identified user: 1
[2025-11-30 19:56:36] Identified session: c7de3285c24f7f64a2f6d493f53e502c
[2025-11-30 19:56:36] Finding cart item: User ID: 1, Session ID: c7de3285c24f7f64a2f6d493f53e502c, Product ID: 43
[2025-11-30 19:56:36] SQL: SELECT * FROM cart_items WHERE product_id = ? AND session_id = ?
[2025-11-30 19:56:36] Found cart item: {"id":5,"user_id":null,"session_id":"c7de3285c24f7f64a2f6d493f53e502c","product_id":43,"quantity":3,"added_at":"2025-12-01 00:33:39"}
[2025-11-30 19:56:36] Adding product to cart: User ID: 1, Session ID: c7de3285c24f7f64a2f6d493f53e502c, Product ID: 43, Quantity: 1
[2025-11-30 19:56:36] Updating existing cart item
[2025-11-30 19:56:36] Adding product to cart: Product ID: 43
[2025-11-30 19:56:36] Adding product to cart
[2025-11-30 19:56:36] Identified user: 1
[2025-11-30 19:56:36] Identified session: c7de3285c24f7f64a2f6d493f53e502c
[2025-11-30 19:56:36] Finding cart item: User ID: 1, Session ID: c7de3285c24f7f64a2f6d493f53e502c, Product ID: 43
[2025-11-30 19:56:36] SQL: SELECT * FROM cart_items WHERE product_id = ? AND session_id = ?
[2025-11-30 19:56:36] Found cart item: {"id":5,"user_id":null,"session_id":"c7de3285c24f7f64a2f6d493f53e502c","product_id":43,"quantity":4,"added_at":"2025-12-01 00:33:39"}
[2025-11-30 19:56:36] Adding product to cart: User ID: 1, Session ID: c7de3285c24f7f64a2f6d493f53e502c, Product ID: 43, Quantity: 1
[2025-11-30 19:56:36] Updating existing cart item
[2025-11-30 19:56:36] Adding product to cart: Product ID: 43
[2025-11-30 19:56:38] Product: MacBook Pro was viewed.
[2025-11-30 19:56:38] Product: MacBook Pro was viewed.
[2025-11-30 19:56:40] Adding product to cart
[2025-11-30 19:56:40] Identified user: 1
[2025-11-30 19:56:40] Identified session: c7de3285c24f7f64a2f6d493f53e502c
[2025-11-30 19:56:40] Finding cart item: User ID: 1, Session ID: c7de3285c24f7f64a2f6d493f53e502c, Product ID: 43
[2025-11-30 19:56:40] SQL: SELECT * FROM cart_items WHERE product_id = ? AND session_id = ?
[2025-11-30 19:56:40] Found cart item: {"id":5,"user_id":null,"session_id":"c7de3285c24f7f64a2f6d493f53e502c","product_id":43,"quantity":5,"added_at":"2025-12-01 00:33:39"}
[2025-11-30 19:56:40] Adding product to cart: User ID: 1, Session ID: c7de3285c24f7f64a2f6d493f53e502c, Product ID: 43, Quantity: 1
[2025-11-30 19:56:40] Updating existing cart item
[2025-11-30 19:56:40] Adding product to cart: Product ID: 43
[2025-11-30 19:56:41] Product: MacBook Pro was viewed.
[2025-11-30 19:56:41] Product: MacBook Pro was viewed.
[2025-11-30 19:57:32] Adding product to cart
[2025-11-30 19:57:32] Identified user: 1
[2025-11-30 19:57:32] Identified session: c7de3285c24f7f64a2f6d493f53e502c
[2025-11-30 19:57:32] Finding cart item: User ID: 1, Session ID: c7de3285c24f7f64a2f6d493f53e502c, Product ID: 45
[2025-11-30 19:57:32] SQL: SELECT * FROM cart_items WHERE product_id = ? AND session_id = ?
[2025-11-30 19:57:32] Found cart item: false
[2025-11-30 19:57:32] Adding product to cart: User ID: 1, Session ID: c7de3285c24f7f64a2f6d493f53e502c, Product ID: 45, Quantity: 1
[2025-11-30 19:57:32] Adding new cart item
[2025-11-30 19:57:32] Adding product to cart: Product ID: 45
[2025-11-30 19:57:32] Adding product to cart
[2025-11-30 19:57:32] Identified user: 1
[2025-11-30 19:57:32] Identified session: c7de3285c24f7f64a2f6d493f53e502c
[2025-11-30 19:57:32] Finding cart item: User ID: 1, Session ID: c7de3285c24f7f64a2f6d493f53e502c, Product ID: 45
[2025-11-30 19:57:32] SQL: SELECT * FROM cart_items WHERE product_id = ? AND session_id = ?
[2025-11-30 19:57:32] Found cart item: {"id":18,"user_id":1,"session_id":"c7de3285c24f7f64a2f6d493f53e502c","product_id":45,"quantity":1,"added_at":"2025-12-01 00:57:32"}
[2025-11-30 19:57:32] Adding product to cart: User ID: 1, Session ID: c7de3285c24f7f64a2f6d493f53e502c, Product ID: 45, Quantity: 1
[2025-11-30 19:57:32] Updating existing cart item
[2025-11-30 19:57:32] Adding product to cart: Product ID: 45
[2025-11-30 19:57:44] Adding product to cart
[2025-11-30 19:57:44] Identified user: 1
[2025-11-30 19:57:44] Identified session: c7de3285c24f7f64a2f6d493f53e502c
[2025-11-30 19:57:44] Finding cart item: User ID: 1, Session ID: c7de3285c24f7f64a2f6d493f53e502c, Product ID: 45
[2025-11-30 19:57:44] SQL: SELECT * FROM cart_items WHERE product_id = ? AND session_id = ?
[2025-11-30 19:57:44] Found cart item: {"id":18,"user_id":1,"session_id":"c7de3285c24f7f64a2f6d493f53e502c","product_id":45,"quantity":2,"added_at":"2025-12-01 00:57:32"}
[2025-11-30 19:57:44] Adding product to cart: User ID: 1, Session ID: c7de3285c24f7f64a2f6d493f53e502c, Product ID: 45, Quantity: 1
[2025-11-30 19:57:44] Updating existing cart item
[2025-11-30 19:57:44] Adding product to cart: Product ID: 45
[2025-11-30 19:57:44] Adding product to cart
[2025-11-30 19:57:44] Identified user: 1
[2025-11-30 19:57:44] Identified session: c7de3285c24f7f64a2f6d493f53e502c
[2025-11-30 19:57:44] Finding cart item: User ID: 1, Session ID: c7de3285c24f7f64a2f6d493f53e502c, Product ID: 45
[2025-11-30 19:57:44] SQL: SELECT * FROM cart_items WHERE product_id = ? AND session_id = ?
[2025-11-30 19:57:44] Found cart item: {"id":18,"user_id":1,"session_id":"c7de3285c24f7f64a2f6d493f53e502c","product_id":45,"quantity":3,"added_at":"2025-12-01 00:57:32"}
[2025-11-30 19:57:44] Adding product to cart: User ID: 1, Session ID: c7de3285c24f7f64a2f6d493f53e502c, Product ID: 45, Quantity: 1
[2025-11-30 19:57:44] Updating existing cart item
[2025-11-30 19:57:44] Adding product to cart: Product ID: 45
[2025-11-30 19:57:45] Adding product to cart
[2025-11-30 19:57:45] Identified user: 1
[2025-11-30 19:57:45] Identified session: c7de3285c24f7f64a2f6d493f53e502c
[2025-11-30 19:57:45] Finding cart item: User ID: 1, Session ID: c7de3285c24f7f64a2f6d493f53e502c, Product ID: 45
[2025-11-30 19:57:45] SQL: SELECT * FROM cart_items WHERE product_id = ? AND session_id = ?
[2025-11-30 19:57:45] Found cart item: {"id":18,"user_id":1,"session_id":"c7de3285c24f7f64a2f6d493f53e502c","product_id":45,"quantity":4,"added_at":"2025-12-01 00:57:32"}
[2025-11-30 19:57:45] Adding product to cart: User ID: 1, Session ID: c7de3285c24f7f64a2f6d493f53e502c, Product ID: 45, Quantity: 1
[2025-11-30 19:57:45] Updating existing cart item
[2025-11-30 19:57:45] Adding product to cart: Product ID: 45
[2025-11-30 19:57:47] Adding product to cart
[2025-11-30 19:57:47] Identified user: 1
[2025-11-30 19:57:47] Identified session: c7de3285c24f7f64a2f6d493f53e502c
[2025-11-30 19:57:47] Finding cart item: User ID: 1, Session ID: c7de3285c24f7f64a2f6d493f53e502c, Product ID: 44
[2025-11-30 19:57:47] SQL: SELECT * FROM cart_items WHERE product_id = ? AND session_id = ?
[2025-11-30 19:57:47] Found cart item: {"id":4,"user_id":null,"session_id":"c7de3285c24f7f64a2f6d493f53e502c","product_id":44,"quantity":22,"added_at":"2025-11-30 23:58:46"}
[2025-11-30 19:57:47] Adding product to cart: User ID: 1, Session ID: c7de3285c24f7f64a2f6d493f53e502c, Product ID: 44, Quantity: 1
[2025-11-30 19:57:47] Updating existing cart item
[2025-11-30 19:57:47] Adding product to cart: Product ID: 44
[2025-11-30 19:57:47] Adding product to cart
[2025-11-30 19:57:47] Identified user: 1
[2025-11-30 19:57:47] Identified session: c7de3285c24f7f64a2f6d493f53e502c
[2025-11-30 19:57:47] Finding cart item: User ID: 1, Session ID: c7de3285c24f7f64a2f6d493f53e502c, Product ID: 44
[2025-11-30 19:57:47] SQL: SELECT * FROM cart_items WHERE product_id = ? AND session_id = ?
[2025-11-30 19:57:47] Found cart item: {"id":4,"user_id":null,"session_id":"c7de3285c24f7f64a2f6d493f53e502c","product_id":44,"quantity":23,"added_at":"2025-11-30 23:58:46"}
[2025-11-30 19:57:47] Adding product to cart: User ID: 1, Session ID: c7de3285c24f7f64a2f6d493f53e502c, Product ID: 44, Quantity: 1
[2025-11-30 19:57:47] Updating existing cart item
[2025-11-30 19:57:47] Adding product to cart: Product ID: 44
[2025-11-30 20:39:17] Found user with email: admin@example.com
[2025-11-30 20:39:17] AUTH SERVICE: Authenticating user with email: admin@example.com
[2025-11-30 20:39:17] AUTH SERVICE: Plain password length: 11
[2025-11-30 20:39:17] AUTH SERVICE: Hashed password from DB: $2y$10$48nsYZ6.9zHPji1nU2Khh.udyfBp9Qn7lXR8mPlnPoV5K2ndMoIqq
[2025-11-30 20:39:17] AUTH SERVICE: Hashed password length: 60
[2025-11-30 20:39:17] AUTH SERVICE: password_verify result: TRUE
[2025-11-30 20:39:17] AUTH SERVICE: Result: success
[2025-11-30 20:39:17] Authenticating user with email: admin@example.com
[2025-11-30 20:39:17] Result: success
[2025-11-30 21:03:43] Product: Sample was viewed.
[2025-11-30 21:03:43] Product: Sample was viewed.
[2025-11-30 21:03:45] Adding product to cart
[2025-11-30 21:03:45] Identified user: 1
[2025-11-30 21:03:45] Identified session: 1157864eb161da9fb90d68a52a48dbac
[2025-11-30 21:03:45] Finding cart item: User ID: 1, Session ID: 1157864eb161da9fb90d68a52a48dbac, Product ID: 45
[2025-11-30 21:03:45] SQL: SELECT * FROM cart_items WHERE product_id = ? AND session_id = ?
[2025-11-30 21:03:45] Found cart item: false
[2025-11-30 21:03:45] Adding product to cart: User ID: 1, Session ID: 1157864eb161da9fb90d68a52a48dbac, Product ID: 45, Quantity: 1
[2025-11-30 21:03:45] Adding new cart item
[2025-11-30 21:03:50] Adding product to cart
[2025-11-30 21:03:50] Identified user: 1
[2025-11-30 21:03:50] Identified session: 1157864eb161da9fb90d68a52a48dbac
[2025-11-30 21:03:50] Finding cart item: User ID: 1, Session ID: 1157864eb161da9fb90d68a52a48dbac, Product ID: 45
[2025-11-30 21:03:50] SQL: SELECT * FROM cart_items WHERE product_id = ? AND session_id = ?
[2025-11-30 21:03:50] Found cart item: false
[2025-11-30 21:03:50] Adding product to cart: User ID: 1, Session ID: 1157864eb161da9fb90d68a52a48dbac, Product ID: 45, Quantity: 1
[2025-11-30 21:03:50] Adding new cart item
[2025-11-30 21:03:57] Adding product to cart
[2025-11-30 21:03:57] Identified user: 1
[2025-11-30 21:03:57] Identified session: 1157864eb161da9fb90d68a52a48dbac
[2025-11-30 21:03:57] Finding cart item: User ID: 1, Session ID: 1157864eb161da9fb90d68a52a48dbac, Product ID: 45
[2025-11-30 21:03:57] SQL: SELECT * FROM cart_items WHERE product_id = ? AND session_id = ?
[2025-11-30 21:03:57] Found cart item: false
[2025-11-30 21:03:57] Adding product to cart: User ID: 1, Session ID: 1157864eb161da9fb90d68a52a48dbac, Product ID: 45, Quantity: 1
[2025-11-30 21:03:57] Adding new cart item
[2025-11-30 21:03:57] Adding product to cart
[2025-11-30 21:03:57] Identified user: 1
[2025-11-30 21:03:57] Identified session: 1157864eb161da9fb90d68a52a48dbac
[2025-11-30 21:03:57] Finding cart item: User ID: 1, Session ID: 1157864eb161da9fb90d68a52a48dbac, Product ID: 45
[2025-11-30 21:03:57] SQL: SELECT * FROM cart_items WHERE product_id = ? AND session_id = ?
[2025-11-30 21:03:57] Found cart item: false
[2025-11-30 21:03:57] Adding product to cart: User ID: 1, Session ID: 1157864eb161da9fb90d68a52a48dbac, Product ID: 45, Quantity: 1
[2025-11-30 21:03:57] Adding new cart item
[2025-11-30 21:06:17] Adding product to cart
[2025-11-30 21:06:17] Identified user: 1
[2025-11-30 21:06:17] Identified session: 1157864eb161da9fb90d68a52a48dbac
[2025-11-30 21:06:17] Finding cart item: User ID: 1, Session ID: 1157864eb161da9fb90d68a52a48dbac, Product ID: 45
[2025-11-30 21:06:17] SQL: SELECT * FROM cart_items WHERE product_id = ? AND session_id = ?
[2025-11-30 21:06:17] Found cart item: false
[2025-11-30 21:06:17] Adding product to cart: User ID: 1, Session ID: 1157864eb161da9fb90d68a52a48dbac, Product ID: 45, Quantity: 1
[2025-11-30 21:06:17] Adding new cart item
[2025-11-30 21:06:17] Adding product to cart
[2025-11-30 21:06:17] Identified user: 1
[2025-11-30 21:06:17] Identified session: 1157864eb161da9fb90d68a52a48dbac
[2025-11-30 21:06:17] Finding cart item: User ID: 1, Session ID: 1157864eb161da9fb90d68a52a48dbac, Product ID: 45
[2025-11-30 21:06:17] SQL: SELECT * FROM cart_items WHERE product_id = ? AND session_id = ?
[2025-11-30 21:06:17] Found cart item: false
[2025-11-30 21:06:17] Adding product to cart: User ID: 1, Session ID: 1157864eb161da9fb90d68a52a48dbac, Product ID: 45, Quantity: 1
[2025-11-30 21:06:17] Adding new cart item
[2025-11-30 21:06:26] Adding product to cart
[2025-11-30 21:06:26] Identified user: 1
[2025-11-30 21:06:26] Identified session: 1157864eb161da9fb90d68a52a48dbac
[2025-11-30 21:06:26] Finding cart item: User ID: 1, Session ID: 1157864eb161da9fb90d68a52a48dbac, Product ID: 45
[2025-11-30 21:06:26] SQL: SELECT * FROM cart_items WHERE product_id = ? AND session_id = ?
[2025-11-30 21:06:26] Found cart item: false
[2025-11-30 21:06:26] Adding product to cart: User ID: 1, Session ID: 1157864eb161da9fb90d68a52a48dbac, Product ID: 45, Quantity: 1
[2025-11-30 21:06:26] Adding new cart item
[2025-11-30 21:06:26] Adding product to cart
[2025-11-30 21:06:26] Identified user: 1
[2025-11-30 21:06:26] Identified session: 1157864eb161da9fb90d68a52a48dbac
[2025-11-30 21:06:26] Finding cart item: User ID: 1, Session ID: 1157864eb161da9fb90d68a52a48dbac, Product ID: 45
[2025-11-30 21:06:26] SQL: SELECT * FROM cart_items WHERE product_id = ? AND session_id = ?
[2025-11-30 21:06:26] Found cart item: false
[2025-11-30 21:06:26] Adding product to cart: User ID: 1, Session ID: 1157864eb161da9fb90d68a52a48dbac, Product ID: 45, Quantity: 1
[2025-11-30 21:06:26] Adding new cart item
[2025-11-30 21:06:28] Adding product to cart
[2025-11-30 21:06:28] Identified user: 1
[2025-11-30 21:06:28] Identified session: 1157864eb161da9fb90d68a52a48dbac
[2025-11-30 21:06:28] Finding cart item: User ID: 1, Session ID: 1157864eb161da9fb90d68a52a48dbac, Product ID: 45
[2025-11-30 21:06:28] SQL: SELECT * FROM cart_items WHERE product_id = ? AND session_id = ?
[2025-11-30 21:06:28] Found cart item: false
[2025-11-30 21:06:28] Adding product to cart: User ID: 1, Session ID: 1157864eb161da9fb90d68a52a48dbac, Product ID: 45, Quantity: 1
[2025-11-30 21:06:28] Adding new cart item
[2025-11-30 21:06:28] Adding product to cart
[2025-11-30 21:06:28] Identified user: 1
[2025-11-30 21:06:28] Identified session: 1157864eb161da9fb90d68a52a48dbac
[2025-11-30 21:06:28] Finding cart item: User ID: 1, Session ID: 1157864eb161da9fb90d68a52a48dbac, Product ID: 45
[2025-11-30 21:06:28] SQL: SELECT * FROM cart_items WHERE product_id = ? AND session_id = ?
[2025-11-30 21:06:28] Found cart item: false
[2025-11-30 21:06:28] Adding product to cart: User ID: 1, Session ID: 1157864eb161da9fb90d68a52a48dbac, Product ID: 45, Quantity: 1
[2025-11-30 21:06:28] Adding new cart item
[2025-11-30 21:06:52] Adding product to cart
[2025-11-30 21:06:52] Identified user: 1
[2025-11-30 21:06:52] Identified session: 1157864eb161da9fb90d68a52a48dbac
[2025-11-30 21:06:52] Finding cart item: User ID: 1, Session ID: 1157864eb161da9fb90d68a52a48dbac, Product ID: 45
[2025-11-30 21:06:52] SQL: SELECT * FROM cart_items WHERE product_id = ? AND session_id = ?
[2025-11-30 21:06:52] Found cart item: false
[2025-11-30 21:06:52] Adding product to cart: User ID: 1, Session ID: 1157864eb161da9fb90d68a52a48dbac, Product ID: 45, Quantity: 1
[2025-11-30 21:06:52] Adding new cart item
[2025-11-30 21:06:52] Adding product to cart
[2025-11-30 21:06:52] Identified user: 1
[2025-11-30 21:06:52] Identified session: 1157864eb161da9fb90d68a52a48dbac
[2025-11-30 21:06:52] Finding cart item: User ID: 1, Session ID: 1157864eb161da9fb90d68a52a48dbac, Product ID: 45
[2025-11-30 21:06:52] SQL: SELECT * FROM cart_items WHERE product_id = ? AND session_id = ?
[2025-11-30 21:06:52] Found cart item: false
[2025-11-30 21:06:52] Adding product to cart: User ID: 1, Session ID: 1157864eb161da9fb90d68a52a48dbac, Product ID: 45, Quantity: 1
[2025-11-30 21:06:52] Adding new cart item
[2025-11-30 21:09:09] Adding product to cart
[2025-11-30 21:09:09] Identified session: 1157864eb161da9fb90d68a52a48dbac
[2025-11-30 21:09:09] Finding cart item: User ID: 1, Session ID: 1157864eb161da9fb90d68a52a48dbac, Product ID: 45
[2025-11-30 21:09:09] SQL: SELECT * FROM cart_items WHERE product_id = :product_id AND user_id = :user_id
[2025-11-30 21:09:09] Params: {":product_id":45,":user_id":1}
[2025-11-30 21:09:09] Found cart item: {"id":18,"user_id":1,"session_id":"c7de3285c24f7f64a2f6d493f53e502c","product_id":45,"quantity":5,"added_at":"2025-12-01 00:57:32"}
[2025-11-30 21:09:09] Adding product to cart: User ID: 1, Session ID: 1157864eb161da9fb90d68a52a48dbac, Product ID: 45, Quantity: 1
[2025-11-30 21:09:09] Updating existing cart item
[2025-11-30 21:09:09] Adding product to cart: Product ID: 45
[2025-11-30 21:09:09] Adding product to cart
[2025-11-30 21:09:09] Identified session: 1157864eb161da9fb90d68a52a48dbac
[2025-11-30 21:09:09] Finding cart item: User ID: 1, Session ID: 1157864eb161da9fb90d68a52a48dbac, Product ID: 45
[2025-11-30 21:09:09] SQL: SELECT * FROM cart_items WHERE product_id = :product_id AND user_id = :user_id
[2025-11-30 21:09:09] Params: {":product_id":45,":user_id":1}
[2025-11-30 21:09:09] Found cart item: {"id":18,"user_id":1,"session_id":"c7de3285c24f7f64a2f6d493f53e502c","product_id":45,"quantity":6,"added_at":"2025-12-01 00:57:32"}
[2025-11-30 21:09:09] Adding product to cart: User ID: 1, Session ID: 1157864eb161da9fb90d68a52a48dbac, Product ID: 45, Quantity: 1
[2025-11-30 21:09:09] Updating existing cart item
[2025-11-30 21:09:09] Adding product to cart: Product ID: 45
[2025-11-30 21:09:18] Adding product to cart
[2025-11-30 21:09:18] Identified session: 1157864eb161da9fb90d68a52a48dbac
[2025-11-30 21:09:18] Finding cart item: User ID: 1, Session ID: 1157864eb161da9fb90d68a52a48dbac, Product ID: 45
[2025-11-30 21:09:18] SQL: SELECT * FROM cart_items WHERE product_id = :product_id AND user_id = :user_id
[2025-11-30 21:09:18] Params: {":product_id":45,":user_id":1}
[2025-11-30 21:09:18] Found cart item: {"id":18,"user_id":1,"session_id":"c7de3285c24f7f64a2f6d493f53e502c","product_id":45,"quantity":7,"added_at":"2025-12-01 00:57:32"}
[2025-11-30 21:09:18] Adding product to cart: User ID: 1, Session ID: 1157864eb161da9fb90d68a52a48dbac, Product ID: 45, Quantity: 1
[2025-11-30 21:09:18] Updating existing cart item
[2025-11-30 21:09:18] Adding product to cart: Product ID: 45
[2025-11-30 21:09:18] Adding product to cart
[2025-11-30 21:09:18] Identified session: 1157864eb161da9fb90d68a52a48dbac
[2025-11-30 21:09:18] Finding cart item: User ID: 1, Session ID: 1157864eb161da9fb90d68a52a48dbac, Product ID: 45
[2025-11-30 21:09:18] SQL: SELECT * FROM cart_items WHERE product_id = :product_id AND user_id = :user_id
[2025-11-30 21:09:18] Params: {":product_id":45,":user_id":1}
[2025-11-30 21:09:18] Found cart item: {"id":18,"user_id":1,"session_id":"c7de3285c24f7f64a2f6d493f53e502c","product_id":45,"quantity":8,"added_at":"2025-12-01 00:57:32"}
[2025-11-30 21:09:18] Adding product to cart: User ID: 1, Session ID: 1157864eb161da9fb90d68a52a48dbac, Product ID: 45, Quantity: 1
[2025-11-30 21:09:18] Updating existing cart item
[2025-11-30 21:09:18] Adding product to cart: Product ID: 45
[2025-11-30 21:09:36] Adding product to cart
[2025-11-30 21:09:36] Identified session: 1157864eb161da9fb90d68a52a48dbac
[2025-11-30 21:09:36] Finding cart item: User ID: 1, Session ID: 1157864eb161da9fb90d68a52a48dbac, Product ID: 44
[2025-11-30 21:09:36] SQL: SELECT * FROM cart_items WHERE product_id = :product_id AND user_id = :user_id
[2025-11-30 21:09:36] Params: {":product_id":44,":user_id":1}
[2025-11-30 21:09:36] Found cart item: false
[2025-11-30 21:09:36] Adding product to cart: User ID: 1, Session ID: 1157864eb161da9fb90d68a52a48dbac, Product ID: 44, Quantity: 1
[2025-11-30 21:09:36] Adding new cart item
[2025-11-30 21:09:36] Adding product to cart: Product ID: 44
[2025-11-30 21:09:36] Adding product to cart
[2025-11-30 21:09:36] Identified session: 1157864eb161da9fb90d68a52a48dbac
[2025-11-30 21:09:36] Finding cart item: User ID: 1, Session ID: 1157864eb161da9fb90d68a52a48dbac, Product ID: 44
[2025-11-30 21:09:36] SQL: SELECT * FROM cart_items WHERE product_id = :product_id AND user_id = :user_id
[2025-11-30 21:09:36] Params: {":product_id":44,":user_id":1}
[2025-11-30 21:09:36] Found cart item: {"id":31,"user_id":1,"session_id":"1157864eb161da9fb90d68a52a48dbac","product_id":44,"quantity":1,"added_at":"2025-12-01 02:09:36"}
[2025-11-30 21:09:36] Adding product to cart: User ID: 1, Session ID: 1157864eb161da9fb90d68a52a48dbac, Product ID: 44, Quantity: 1
[2025-11-30 21:09:36] Updating existing cart item
[2025-11-30 21:09:36] Adding product to cart: Product ID: 44
[2025-11-30 21:09:55] Adding product to cart
[2025-11-30 21:09:55] Identified session: 17afd1c2e91c08e87055d3db46ef5745
[2025-11-30 21:09:55] Finding cart item: User ID: , Session ID: 17afd1c2e91c08e87055d3db46ef5745, Product ID: 45
[2025-11-30 21:09:55] SQL: SELECT * FROM cart_items WHERE product_id = :product_id AND session_id = :session_id AND user_id IS NULL
[2025-11-30 21:09:55] Params: {":product_id":45,":session_id":"17afd1c2e91c08e87055d3db46ef5745"}
[2025-11-30 21:09:55] Found cart item: false
[2025-11-30 21:09:55] Adding product to cart: User ID: , Session ID: 17afd1c2e91c08e87055d3db46ef5745, Product ID: 45, Quantity: 1
[2025-11-30 21:09:55] Adding new cart item
[2025-11-30 21:09:55] Adding product to cart: Product ID: 45
[2025-11-30 21:09:55] Adding product to cart
[2025-11-30 21:09:55] Identified session: 17afd1c2e91c08e87055d3db46ef5745
[2025-11-30 21:09:55] Finding cart item: User ID: , Session ID: 17afd1c2e91c08e87055d3db46ef5745, Product ID: 45
[2025-11-30 21:09:55] SQL: SELECT * FROM cart_items WHERE product_id = :product_id AND session_id = :session_id AND user_id IS NULL
[2025-11-30 21:09:55] Params: {":product_id":45,":session_id":"17afd1c2e91c08e87055d3db46ef5745"}
[2025-11-30 21:09:55] Found cart item: {"id":32,"user_id":null,"session_id":"17afd1c2e91c08e87055d3db46ef5745","product_id":45,"quantity":1,"added_at":"2025-12-01 02:09:55"}
[2025-11-30 21:09:55] Adding product to cart: User ID: , Session ID: 17afd1c2e91c08e87055d3db46ef5745, Product ID: 45, Quantity: 1
[2025-11-30 21:09:55] Updating existing cart item
[2025-11-30 21:09:55] Adding product to cart: Product ID: 45
[2025-11-30 21:10:10] Found user with email: admin@example.com
[2025-11-30 21:10:10] AUTH SERVICE: Authenticating user with email: admin@example.com
[2025-11-30 21:10:10] AUTH SERVICE: Plain password length: 11
[2025-11-30 21:10:10] AUTH SERVICE: Hashed password from DB: $2y$10$48nsYZ6.9zHPji1nU2Khh.udyfBp9Qn7lXR8mPlnPoV5K2ndMoIqq
[2025-11-30 21:10:10] AUTH SERVICE: Hashed password length: 60
[2025-11-30 21:10:10] AUTH SERVICE: password_verify result: TRUE
[2025-11-30 21:10:10] AUTH SERVICE: Result: success
[2025-11-30 21:10:10] Authenticating user with email: admin@example.com
[2025-11-30 21:10:10] Result: success
[2025-11-30 21:10:16] Product: iPhone 17 was viewed.
[2025-11-30 21:10:16] Product: iPhone 17 was viewed.
[2025-11-30 21:10:18] Adding product to cart
[2025-11-30 21:10:18] Identified session: 17afd1c2e91c08e87055d3db46ef5745
[2025-11-30 21:10:18] Finding cart item: User ID: 1, Session ID: 17afd1c2e91c08e87055d3db46ef5745, Product ID: 44
[2025-11-30 21:10:18] SQL: SELECT * FROM cart_items WHERE product_id = :product_id AND user_id = :user_id
[2025-11-30 21:10:18] Params: {":product_id":44,":user_id":1}
[2025-11-30 21:10:18] Found cart item: {"id":31,"user_id":1,"session_id":"1157864eb161da9fb90d68a52a48dbac","product_id":44,"quantity":2,"added_at":"2025-12-01 02:09:36"}
[2025-11-30 21:10:18] Adding product to cart: User ID: 1, Session ID: 17afd1c2e91c08e87055d3db46ef5745, Product ID: 44, Quantity: 1
[2025-11-30 21:10:18] Updating existing cart item
[2025-11-30 21:10:18] Adding product to cart: Product ID: 44
[2025-11-30 21:10:19] Product: iPhone 17 was viewed.
[2025-11-30 21:10:19] Product: iPhone 17 was viewed.
[2025-11-30 21:10:23] Adding product to cart
[2025-11-30 21:10:23] Identified session: 17afd1c2e91c08e87055d3db46ef5745
[2025-11-30 21:10:23] Finding cart item: User ID: 1, Session ID: 17afd1c2e91c08e87055d3db46ef5745, Product ID: 45
[2025-11-30 21:10:23] SQL: SELECT * FROM cart_items WHERE product_id = :product_id AND user_id = :user_id
[2025-11-30 21:10:23] Params: {":product_id":45,":user_id":1}
[2025-11-30 21:10:23] Found cart item: {"id":18,"user_id":1,"session_id":"c7de3285c24f7f64a2f6d493f53e502c","product_id":45,"quantity":9,"added_at":"2025-12-01 00:57:32"}
[2025-11-30 21:10:23] Adding product to cart: User ID: 1, Session ID: 17afd1c2e91c08e87055d3db46ef5745, Product ID: 45, Quantity: 1
[2025-11-30 21:10:23] Updating existing cart item
[2025-11-30 21:10:23] Adding product to cart: Product ID: 45
[2025-11-30 21:10:23] Adding product to cart
[2025-11-30 21:10:23] Identified session: 17afd1c2e91c08e87055d3db46ef5745
[2025-11-30 21:10:23] Finding cart item: User ID: 1, Session ID: 17afd1c2e91c08e87055d3db46ef5745, Product ID: 45
[2025-11-30 21:10:23] SQL: SELECT * FROM cart_items WHERE product_id = :product_id AND user_id = :user_id
[2025-11-30 21:10:23] Params: {":product_id":45,":user_id":1}
[2025-11-30 21:10:23] Found cart item: {"id":18,"user_id":1,"session_id":"c7de3285c24f7f64a2f6d493f53e502c","product_id":45,"quantity":10,"added_at":"2025-12-01 00:57:32"}
[2025-11-30 21:10:23] Adding product to cart: User ID: 1, Session ID: 17afd1c2e91c08e87055d3db46ef5745, Product ID: 45, Quantity: 1
[2025-11-30 21:10:23] Updating existing cart item
[2025-11-30 21:10:23] Adding product to cart: Product ID: 45
[2025-11-30 21:10:24] Adding product to cart
[2025-11-30 21:10:24] Identified session: 17afd1c2e91c08e87055d3db46ef5745
[2025-11-30 21:10:24] Finding cart item: User ID: 1, Session ID: 17afd1c2e91c08e87055d3db46ef5745, Product ID: 44
[2025-11-30 21:10:24] SQL: SELECT * FROM cart_items WHERE product_id = :product_id AND user_id = :user_id
[2025-11-30 21:10:24] Params: {":product_id":44,":user_id":1}
[2025-11-30 21:10:24] Found cart item: {"id":31,"user_id":1,"session_id":"1157864eb161da9fb90d68a52a48dbac","product_id":44,"quantity":3,"added_at":"2025-12-01 02:09:36"}
[2025-11-30 21:10:24] Adding product to cart: User ID: 1, Session ID: 17afd1c2e91c08e87055d3db46ef5745, Product ID: 44, Quantity: 1
[2025-11-30 21:10:24] Updating existing cart item
[2025-11-30 21:10:24] Adding product to cart: Product ID: 44
[2025-11-30 21:10:24] Adding product to cart
[2025-11-30 21:10:24] Identified session: 17afd1c2e91c08e87055d3db46ef5745
[2025-11-30 21:10:24] Finding cart item: User ID: 1, Session ID: 17afd1c2e91c08e87055d3db46ef5745, Product ID: 44
[2025-11-30 21:10:24] SQL: SELECT * FROM cart_items WHERE product_id = :product_id AND user_id = :user_id
[2025-11-30 21:10:24] Params: {":product_id":44,":user_id":1}
[2025-11-30 21:10:24] Found cart item: {"id":31,"user_id":1,"session_id":"1157864eb161da9fb90d68a52a48dbac","product_id":44,"quantity":4,"added_at":"2025-12-01 02:09:36"}
[2025-11-30 21:10:24] Adding product to cart: User ID: 1, Session ID: 17afd1c2e91c08e87055d3db46ef5745, Product ID: 44, Quantity: 1
[2025-11-30 21:10:24] Updating existing cart item
[2025-11-30 21:10:24] Adding product to cart: Product ID: 44
[2025-11-30 21:10:34] Adding product to cart
[2025-11-30 21:10:34] Identified session: 17afd1c2e91c08e87055d3db46ef5745
[2025-11-30 21:10:34] Finding cart item: User ID: 1, Session ID: 17afd1c2e91c08e87055d3db46ef5745, Product ID: 45
[2025-11-30 21:10:34] SQL: SELECT * FROM cart_items WHERE product_id = :product_id AND user_id = :user_id
[2025-11-30 21:10:34] Params: {":product_id":45,":user_id":1}
[2025-11-30 21:10:34] Found cart item: {"id":18,"user_id":1,"session_id":"c7de3285c24f7f64a2f6d493f53e502c","product_id":45,"quantity":11,"added_at":"2025-12-01 00:57:32"}
[2025-11-30 21:10:34] Adding product to cart: User ID: 1, Session ID: 17afd1c2e91c08e87055d3db46ef5745, Product ID: 45, Quantity: 1
[2025-11-30 21:10:34] Updating existing cart item
[2025-11-30 21:10:34] Adding product to cart: Product ID: 45
[2025-11-30 21:10:34] Adding product to cart
[2025-11-30 21:10:34] Identified session: 17afd1c2e91c08e87055d3db46ef5745
[2025-11-30 21:10:34] Finding cart item: User ID: 1, Session ID: 17afd1c2e91c08e87055d3db46ef5745, Product ID: 45
[2025-11-30 21:10:34] SQL: SELECT * FROM cart_items WHERE product_id = :product_id AND user_id = :user_id
[2025-11-30 21:10:34] Params: {":product_id":45,":user_id":1}
[2025-11-30 21:10:34] Found cart item: {"id":18,"user_id":1,"session_id":"c7de3285c24f7f64a2f6d493f53e502c","product_id":45,"quantity":12,"added_at":"2025-12-01 00:57:32"}
[2025-11-30 21:10:34] Adding product to cart: User ID: 1, Session ID: 17afd1c2e91c08e87055d3db46ef5745, Product ID: 45, Quantity: 1
[2025-11-30 21:10:34] Updating existing cart item
[2025-11-30 21:10:34] Adding product to cart: Product ID: 45
[2025-11-30 21:10:44] Adding product to cart
[2025-11-30 21:10:44] Identified session: 17afd1c2e91c08e87055d3db46ef5745
[2025-11-30 21:10:44] Finding cart item: User ID: 1, Session ID: 17afd1c2e91c08e87055d3db46ef5745, Product ID: 44
[2025-11-30 21:10:44] SQL: SELECT * FROM cart_items WHERE product_id = :product_id AND user_id = :user_id
[2025-11-30 21:10:44] Params: {":product_id":44,":user_id":1}
[2025-11-30 21:10:44] Found cart item: {"id":31,"user_id":1,"session_id":"1157864eb161da9fb90d68a52a48dbac","product_id":44,"quantity":5,"added_at":"2025-12-01 02:09:36"}
[2025-11-30 21:10:44] Adding product to cart: User ID: 1, Session ID: 17afd1c2e91c08e87055d3db46ef5745, Product ID: 44, Quantity: 1
[2025-11-30 21:10:44] Updating existing cart item
[2025-11-30 21:10:44] Adding product to cart: Product ID: 44
[2025-11-30 21:10:44] Adding product to cart
[2025-11-30 21:10:44] Identified session: 17afd1c2e91c08e87055d3db46ef5745
[2025-11-30 21:10:44] Finding cart item: User ID: 1, Session ID: 17afd1c2e91c08e87055d3db46ef5745, Product ID: 44
[2025-11-30 21:10:44] SQL: SELECT * FROM cart_items WHERE product_id = :product_id AND user_id = :user_id
[2025-11-30 21:10:44] Params: {":product_id":44,":user_id":1}
[2025-11-30 21:10:44] Found cart item: {"id":31,"user_id":1,"session_id":"1157864eb161da9fb90d68a52a48dbac","product_id":44,"quantity":6,"added_at":"2025-12-01 02:09:36"}
[2025-11-30 21:10:44] Adding product to cart: User ID: 1, Session ID: 17afd1c2e91c08e87055d3db46ef5745, Product ID: 44, Quantity: 1
[2025-11-30 21:10:44] Updating existing cart item
[2025-11-30 21:10:44] Adding product to cart: Product ID: 44
[2025-11-30 21:10:48] Adding product to cart
[2025-11-30 21:10:48] Identified session: 17afd1c2e91c08e87055d3db46ef5745
[2025-11-30 21:10:48] Finding cart item: User ID: 1, Session ID: 17afd1c2e91c08e87055d3db46ef5745, Product ID: 43
[2025-11-30 21:10:48] SQL: SELECT * FROM cart_items WHERE product_id = :product_id AND user_id = :user_id
[2025-11-30 21:10:48] Params: {":product_id":43,":user_id":1}
[2025-11-30 21:10:48] Found cart item: false
[2025-11-30 21:10:48] Adding product to cart: User ID: 1, Session ID: 17afd1c2e91c08e87055d3db46ef5745, Product ID: 43, Quantity: 1
[2025-11-30 21:10:48] Adding new cart item
[2025-11-30 21:10:48] Adding product to cart: Product ID: 43
[2025-11-30 21:10:48] Adding product to cart
[2025-11-30 21:10:48] Identified session: 17afd1c2e91c08e87055d3db46ef5745
[2025-11-30 21:10:48] Finding cart item: User ID: 1, Session ID: 17afd1c2e91c08e87055d3db46ef5745, Product ID: 43
[2025-11-30 21:10:48] SQL: SELECT * FROM cart_items WHERE product_id = :product_id AND user_id = :user_id
[2025-11-30 21:10:48] Params: {":product_id":43,":user_id":1}
[2025-11-30 21:10:48] Found cart item: {"id":33,"user_id":1,"session_id":"17afd1c2e91c08e87055d3db46ef5745","product_id":43,"quantity":1,"added_at":"2025-12-01 02:10:48"}
[2025-11-30 21:10:48] Adding product to cart: User ID: 1, Session ID: 17afd1c2e91c08e87055d3db46ef5745, Product ID: 43, Quantity: 1
[2025-11-30 21:10:48] Updating existing cart item
[2025-11-30 21:10:48] Adding product to cart: Product ID: 43
[2025-11-30 21:11:00] Adding product to cart
[2025-11-30 21:11:00] Identified session: 17afd1c2e91c08e87055d3db46ef5745
[2025-11-30 21:11:00] Finding cart item: User ID: 1, Session ID: 17afd1c2e91c08e87055d3db46ef5745, Product ID: 44
[2025-11-30 21:11:00] SQL: SELECT * FROM cart_items WHERE product_id = :product_id AND user_id = :user_id
[2025-11-30 21:11:00] Params: {":product_id":44,":user_id":1}
[2025-11-30 21:11:00] Found cart item: {"id":31,"user_id":1,"session_id":"1157864eb161da9fb90d68a52a48dbac","product_id":44,"quantity":7,"added_at":"2025-12-01 02:09:36"}
[2025-11-30 21:11:00] Adding product to cart: User ID: 1, Session ID: 17afd1c2e91c08e87055d3db46ef5745, Product ID: 44, Quantity: 1
[2025-11-30 21:11:00] Updating existing cart item
[2025-11-30 21:11:00] Adding product to cart: Product ID: 44
[2025-11-30 21:11:00] Adding product to cart
[2025-11-30 21:11:00] Identified session: 17afd1c2e91c08e87055d3db46ef5745
[2025-11-30 21:11:00] Finding cart item: User ID: 1, Session ID: 17afd1c2e91c08e87055d3db46ef5745, Product ID: 44
[2025-11-30 21:11:00] SQL: SELECT * FROM cart_items WHERE product_id = :product_id AND user_id = :user_id
[2025-11-30 21:11:00] Params: {":product_id":44,":user_id":1}
[2025-11-30 21:11:00] Found cart item: {"id":31,"user_id":1,"session_id":"1157864eb161da9fb90d68a52a48dbac","product_id":44,"quantity":8,"added_at":"2025-12-01 02:09:36"}
[2025-11-30 21:11:00] Adding product to cart: User ID: 1, Session ID: 17afd1c2e91c08e87055d3db46ef5745, Product ID: 44, Quantity: 1
[2025-11-30 21:11:00] Updating existing cart item
[2025-11-30 21:11:00] Adding product to cart: Product ID: 44
[2025-11-30 21:11:04] Adding product to cart
[2025-11-30 21:11:04] Identified session: 17afd1c2e91c08e87055d3db46ef5745
[2025-11-30 21:11:04] Finding cart item: User ID: 1, Session ID: 17afd1c2e91c08e87055d3db46ef5745, Product ID: 45
[2025-11-30 21:11:04] SQL: SELECT * FROM cart_items WHERE product_id = :product_id AND user_id = :user_id
[2025-11-30 21:11:04] Params: {":product_id":45,":user_id":1}
[2025-11-30 21:11:04] Found cart item: {"id":18,"user_id":1,"session_id":"c7de3285c24f7f64a2f6d493f53e502c","product_id":45,"quantity":13,"added_at":"2025-12-01 00:57:32"}
[2025-11-30 21:11:04] Adding product to cart: User ID: 1, Session ID: 17afd1c2e91c08e87055d3db46ef5745, Product ID: 45, Quantity: 1
[2025-11-30 21:11:04] Updating existing cart item
[2025-11-30 21:11:04] Adding product to cart: Product ID: 45
[2025-11-30 21:11:04] Adding product to cart
[2025-11-30 21:11:04] Identified session: 17afd1c2e91c08e87055d3db46ef5745
[2025-11-30 21:11:04] Finding cart item: User ID: 1, Session ID: 17afd1c2e91c08e87055d3db46ef5745, Product ID: 45
[2025-11-30 21:11:04] SQL: SELECT * FROM cart_items WHERE product_id = :product_id AND user_id = :user_id
[2025-11-30 21:11:04] Params: {":product_id":45,":user_id":1}
[2025-11-30 21:11:04] Found cart item: {"id":18,"user_id":1,"session_id":"c7de3285c24f7f64a2f6d493f53e502c","product_id":45,"quantity":14,"added_at":"2025-12-01 00:57:32"}
[2025-11-30 21:11:04] Adding product to cart: User ID: 1, Session ID: 17afd1c2e91c08e87055d3db46ef5745, Product ID: 45, Quantity: 1
[2025-11-30 21:11:04] Updating existing cart item
[2025-11-30 21:11:04] Adding product to cart: Product ID: 45
[2025-11-30 21:15:10] Adding product to cart
[2025-11-30 21:15:10] Identified session: 17afd1c2e91c08e87055d3db46ef5745
[2025-11-30 21:15:10] Finding cart item: User ID: 1, Session ID: 17afd1c2e91c08e87055d3db46ef5745, Product ID: 45
[2025-11-30 21:15:10] SQL: SELECT * FROM cart_items WHERE product_id = ? AND session_id = ?
[2025-11-30 21:15:10] Found cart item: false
[2025-11-30 21:15:10] Adding product to cart: User ID: 1, Session ID: 17afd1c2e91c08e87055d3db46ef5745, Product ID: 45, Quantity: 1
[2025-11-30 21:15:10] Adding new cart item
[2025-11-30 21:15:10] Adding product to cart: Product ID: 45
[2025-11-30 21:15:10] Adding product to cart
[2025-11-30 21:15:10] Identified session: 17afd1c2e91c08e87055d3db46ef5745
[2025-11-30 21:15:10] Finding cart item: User ID: 1, Session ID: 17afd1c2e91c08e87055d3db46ef5745, Product ID: 45
[2025-11-30 21:15:10] SQL: SELECT * FROM cart_items WHERE product_id = ? AND session_id = ?
[2025-11-30 21:15:10] Found cart item: {"id":34,"session_id":"17afd1c2e91c08e87055d3db46ef5745","product_id":45,"quantity":1,"added_at":"2025-12-01 02:15:10"}
[2025-11-30 21:15:10] Adding product to cart: User ID: 1, Session ID: 17afd1c2e91c08e87055d3db46ef5745, Product ID: 45, Quantity: 1
[2025-11-30 21:15:10] Updating existing cart item
[2025-11-30 21:15:10] Adding product to cart: Product ID: 45
[2025-11-30 21:15:19] Adding product to cart
[2025-11-30 21:15:19] Identified session: 17afd1c2e91c08e87055d3db46ef5745
[2025-11-30 21:15:19] Finding cart item: User ID: 1, Session ID: 17afd1c2e91c08e87055d3db46ef5745, Product ID: 44
[2025-11-30 21:15:19] SQL: SELECT * FROM cart_items WHERE product_id = ? AND session_id = ?
[2025-11-30 21:15:19] Found cart item: false
[2025-11-30 21:15:19] Adding product to cart: User ID: 1, Session ID: 17afd1c2e91c08e87055d3db46ef5745, Product ID: 44, Quantity: 1
[2025-11-30 21:15:19] Adding new cart item
[2025-11-30 21:15:19] Adding product to cart: Product ID: 44
[2025-11-30 21:15:19] Adding product to cart
[2025-11-30 21:15:19] Identified session: 17afd1c2e91c08e87055d3db46ef5745
[2025-11-30 21:15:19] Finding cart item: User ID: 1, Session ID: 17afd1c2e91c08e87055d3db46ef5745, Product ID: 44
[2025-11-30 21:15:19] SQL: SELECT * FROM cart_items WHERE product_id = ? AND session_id = ?
[2025-11-30 21:15:19] Found cart item: {"id":35,"session_id":"17afd1c2e91c08e87055d3db46ef5745","product_id":44,"quantity":1,"added_at":"2025-12-01 02:15:19"}
[2025-11-30 21:15:19] Adding product to cart: User ID: 1, Session ID: 17afd1c2e91c08e87055d3db46ef5745, Product ID: 44, Quantity: 1
[2025-11-30 21:15:19] Updating existing cart item
[2025-11-30 21:15:19] Adding product to cart: Product ID: 44
[2025-11-30 21:15:22] Adding product to cart
[2025-11-30 21:15:22] Identified session: 17afd1c2e91c08e87055d3db46ef5745
[2025-11-30 21:15:22] Finding cart item: User ID: 1, Session ID: 17afd1c2e91c08e87055d3db46ef5745, Product ID: 43
[2025-11-30 21:15:22] SQL: SELECT * FROM cart_items WHERE product_id = ? AND session_id = ?
[2025-11-30 21:15:22] Found cart item: false
[2025-11-30 21:15:22] Adding product to cart: User ID: 1, Session ID: 17afd1c2e91c08e87055d3db46ef5745, Product ID: 43, Quantity: 1
[2025-11-30 21:15:22] Adding new cart item
[2025-11-30 21:15:23] Adding product to cart: Product ID: 43
[2025-11-30 21:15:23] Adding product to cart
[2025-11-30 21:15:23] Identified session: 17afd1c2e91c08e87055d3db46ef5745
[2025-11-30 21:15:23] Finding cart item: User ID: 1, Session ID: 17afd1c2e91c08e87055d3db46ef5745, Product ID: 43
[2025-11-30 21:15:23] SQL: SELECT * FROM cart_items WHERE product_id = ? AND session_id = ?
[2025-11-30 21:15:23] Found cart item: {"id":36,"session_id":"17afd1c2e91c08e87055d3db46ef5745","product_id":43,"quantity":1,"added_at":"2025-12-01 02:15:22"}
[2025-11-30 21:15:23] Adding product to cart: User ID: 1, Session ID: 17afd1c2e91c08e87055d3db46ef5745, Product ID: 43, Quantity: 1
[2025-11-30 21:15:23] Updating existing cart item
[2025-11-30 21:15:23] Adding product to cart: Product ID: 43
[2025-11-30 21:15:24] Product: MacBook Pro was viewed.
[2025-11-30 21:15:24] Product: MacBook Pro was viewed.
[2025-11-30 21:15:25] Adding product to cart
[2025-11-30 21:15:25] Identified session: 17afd1c2e91c08e87055d3db46ef5745
[2025-11-30 21:15:25] Finding cart item: User ID: 1, Session ID: 17afd1c2e91c08e87055d3db46ef5745, Product ID: 43
[2025-11-30 21:15:25] SQL: SELECT * FROM cart_items WHERE product_id = ? AND session_id = ?
[2025-11-30 21:15:25] Found cart item: {"id":36,"session_id":"17afd1c2e91c08e87055d3db46ef5745","product_id":43,"quantity":2,"added_at":"2025-12-01 02:15:22"}
[2025-11-30 21:15:25] Adding product to cart: User ID: 1, Session ID: 17afd1c2e91c08e87055d3db46ef5745, Product ID: 43, Quantity: 1
[2025-11-30 21:15:25] Updating existing cart item
[2025-11-30 21:15:25] Adding product to cart: Product ID: 43
[2025-11-30 21:15:27] Product: MacBook Pro was viewed.
[2025-11-30 21:15:27] Product: MacBook Pro was viewed.
[2025-11-30 21:15:30] Adding product to cart
[2025-11-30 21:15:30] Identified session: 17afd1c2e91c08e87055d3db46ef5745
[2025-11-30 21:15:30] Finding cart item: User ID: 1, Session ID: 17afd1c2e91c08e87055d3db46ef5745, Product ID: 43
[2025-11-30 21:15:30] SQL: SELECT * FROM cart_items WHERE product_id = ? AND session_id = ?
[2025-11-30 21:15:30] Found cart item: {"id":36,"session_id":"17afd1c2e91c08e87055d3db46ef5745","product_id":43,"quantity":3,"added_at":"2025-12-01 02:15:22"}
[2025-11-30 21:15:30] Adding product to cart: User ID: 1, Session ID: 17afd1c2e91c08e87055d3db46ef5745, Product ID: 43, Quantity: 1
[2025-11-30 21:15:30] Updating existing cart item
[2025-11-30 21:15:30] Adding product to cart: Product ID: 43
[2025-11-30 21:15:32] Product: MacBook Pro was viewed.
[2025-11-30 21:15:32] Product: MacBook Pro was viewed.
[2025-11-30 21:15:38] Adding product to cart
[2025-11-30 21:15:38] Identified session: 17afd1c2e91c08e87055d3db46ef5745
[2025-11-30 21:15:38] Finding cart item: User ID: 1, Session ID: 17afd1c2e91c08e87055d3db46ef5745, Product ID: 43
[2025-11-30 21:15:38] SQL: SELECT * FROM cart_items WHERE product_id = ? AND session_id = ?
[2025-11-30 21:15:38] Found cart item: {"id":36,"session_id":"17afd1c2e91c08e87055d3db46ef5745","product_id":43,"quantity":4,"added_at":"2025-12-01 02:15:22"}
[2025-11-30 21:15:38] Adding product to cart: User ID: 1, Session ID: 17afd1c2e91c08e87055d3db46ef5745, Product ID: 43, Quantity: 1
[2025-11-30 21:15:38] Updating existing cart item
[2025-11-30 21:15:38] Adding product to cart: Product ID: 43
[2025-11-30 21:15:38] Adding product to cart
[2025-11-30 21:15:38] Identified session: 17afd1c2e91c08e87055d3db46ef5745
[2025-11-30 21:15:38] Finding cart item: User ID: 1, Session ID: 17afd1c2e91c08e87055d3db46ef5745, Product ID: 43
[2025-11-30 21:15:38] SQL: SELECT * FROM cart_items WHERE product_id = ? AND session_id = ?
[2025-11-30 21:15:38] Found cart item: {"id":36,"session_id":"17afd1c2e91c08e87055d3db46ef5745","product_id":43,"quantity":5,"added_at":"2025-12-01 02:15:22"}
[2025-11-30 21:15:38] Adding product to cart: User ID: 1, Session ID: 17afd1c2e91c08e87055d3db46ef5745, Product ID: 43, Quantity: 1
[2025-11-30 21:15:38] Updating existing cart item
[2025-11-30 21:15:38] Adding product to cart: Product ID: 43
[2025-11-30 21:23:05] No route found for GET /product?0=45
[2025-11-30 21:23:14] No route found for GET /product?0=45
[2025-11-30 21:23:36] No route found for GET /product?0=45
[2025-11-30 21:23:41] Product: Sample was viewed.
[2025-11-30 21:23:41] Product: Sample was viewed.
[2025-11-30 21:23:45] Product: iPhone 17 was viewed.
[2025-11-30 21:23:45] Product: iPhone 17 was viewed.
[2025-11-30 21:23:49] Product: MacBook Pro was viewed.
[2025-11-30 21:23:49] Product: MacBook Pro was viewed.
[2025-11-30 21:24:10] Product: MacBook Pro was viewed.
[2025-11-30 21:24:10] Product: MacBook Pro was viewed.
[2025-11-30 21:25:06] Product: iPhone 17 was viewed.
[2025-11-30 21:25:06] Product: iPhone 17 was viewed.
[2025-11-30 21:36:21] Session ID: 17afd1c2e91c08e87055d3db46ef5745 User ID: 1 SQL: SELECT * FROM cart_items WHERE session_id = ?
[2025-11-30 21:37:33] Session ID: 17afd1c2e91c08e87055d3db46ef5745 User ID: 1 SQL: SELECT * FROM cart_items WHERE session_id = ?
[2025-11-30 21:39:02] Session ID: 17afd1c2e91c08e87055d3db46ef5745 User ID: 1 SQL: SELECT * FROM cart_items WHERE session_id = ?
[2025-11-30 21:39:02] Session ID: 17afd1c2e91c08e87055d3db46ef5745 User ID: 1 SQL: SELECT * FROM cart_items WHERE session_id = ?
[2025-11-30 21:39:23] Session ID: 17afd1c2e91c08e87055d3db46ef5745 User ID: 1 SQL: SELECT * FROM cart_items WHERE session_id = ?
[2025-11-30 21:39:23] Session ID: 17afd1c2e91c08e87055d3db46ef5745 User ID: 1 SQL: SELECT * FROM cart_items WHERE session_id = ?
[2025-11-30 21:39:30] Session ID: 17afd1c2e91c08e87055d3db46ef5745 User ID: 1 SQL: SELECT * FROM cart_items WHERE session_id = ?
[2025-11-30 21:39:31] Session ID: 17afd1c2e91c08e87055d3db46ef5745 User ID: 1 SQL: SELECT * FROM cart_items WHERE session_id = ?
[2025-11-30 21:40:19] Session ID: 17afd1c2e91c08e87055d3db46ef5745 User ID: 1 SQL: SELECT * FROM cart_items WHERE session_id = ?
[2025-11-30 21:40:19] Session ID: 17afd1c2e91c08e87055d3db46ef5745 User ID: 1 SQL: SELECT * FROM cart_items WHERE session_id = ?
[2025-11-30 21:41:06] Session ID: 17afd1c2e91c08e87055d3db46ef5745 User ID: 1 SQL: SELECT * FROM cart_items WHERE session_id = ?
[2025-11-30 21:41:06] Session ID: 17afd1c2e91c08e87055d3db46ef5745 User ID: 1 SQL: SELECT * FROM cart_items WHERE session_id = ?
[2025-11-30 21:42:16] Session ID: 17afd1c2e91c08e87055d3db46ef5745 User ID: 1 SQL: SELECT * FROM cart_items WHERE session_id = ?
[2025-11-30 21:42:16] Session ID: 17afd1c2e91c08e87055d3db46ef5745 User ID: 1 SQL: SELECT * FROM cart_items WHERE session_id = ?
[2025-11-30 21:42:29] Session ID: 17afd1c2e91c08e87055d3db46ef5745 User ID: 1 SQL: SELECT * FROM cart_items WHERE session_id = ?
[2025-11-30 21:42:29] Session ID: 17afd1c2e91c08e87055d3db46ef5745 User ID: 1 SQL: SELECT * FROM cart_items WHERE session_id = ?
[2025-11-30 21:42:47] Session ID: 17afd1c2e91c08e87055d3db46ef5745 User ID: 1 SQL: SELECT * FROM cart_items WHERE session_id = ?
[2025-11-30 21:42:47] Session ID: 17afd1c2e91c08e87055d3db46ef5745 User ID: 1 SQL: SELECT * FROM cart_items WHERE session_id = ?
[2025-11-30 21:43:08] Session ID: 17afd1c2e91c08e87055d3db46ef5745 User ID: 1 SQL: SELECT * FROM cart_items WHERE session_id = ?
[2025-11-30 21:43:08] Session ID: 17afd1c2e91c08e87055d3db46ef5745 User ID: 1 SQL: SELECT * FROM cart_items WHERE session_id = ?
[2025-11-30 21:43:36] Session ID: 17afd1c2e91c08e87055d3db46ef5745 User ID: 1 SQL: SELECT * FROM cart_items WHERE session_id = ?
[2025-11-30 21:43:36] Session ID: 17afd1c2e91c08e87055d3db46ef5745 User ID: 1 SQL: SELECT * FROM cart_items WHERE session_id = ?
[2025-11-30 21:43:47] Session ID: 17afd1c2e91c08e87055d3db46ef5745 User ID: 1 SQL: SELECT * FROM cart_items WHERE session_id = ?
[2025-11-30 21:43:47] Session ID: 17afd1c2e91c08e87055d3db46ef5745 User ID: 1 SQL: SELECT * FROM cart_items WHERE session_id = ?
[2025-11-30 21:43:53] Session ID: 17afd1c2e91c08e87055d3db46ef5745 User ID: 1 SQL: SELECT * FROM cart_items WHERE session_id = ?
[2025-11-30 21:43:53] Session ID: 17afd1c2e91c08e87055d3db46ef5745 User ID: 1 SQL: SELECT * FROM cart_items WHERE session_id = ?
[2025-11-30 21:44:48] Product: Sample was viewed.
[2025-11-30 21:44:48] Product: Sample was viewed.
